[0.008s][info][gc,heap] Heap region size: 2M
[0.028s][info][gc     ] Using G1
[0.028s][info][gc,heap,coops] Heap address: 0x00000005cba00000, size: 8006 MB, Compressed Oops mode: Zero based, Oop shift amount: 3
[6.374s][info][gc,start     ] GC(0) Pause Young (G1 Evacuation Pause)
[6.374s][info][gc,task      ] GC(0) Using 8 workers of 8 for evacuation
[6.384s][info][gc,phases    ] GC(0)   Pre Evacuate Collection Set: 0.0ms
[6.384s][info][gc,phases    ] GC(0)   Evacuate Collection Set: 6.3ms
[6.384s][info][gc,phases    ] GC(0)   Post Evacuate Collection Set: 3.1ms
[6.384s][info][gc,phases    ] GC(0)   Other: 0.3ms
[6.384s][info][gc,heap      ] GC(0) Eden regions: 12->0(10)
[6.384s][info][gc,heap      ] GC(0) Survivor regions: 0->2(2)
[6.384s][info][gc,heap      ] GC(0) Old regions: 0->3
[6.384s][info][gc,heap      ] GC(0) Humongous regions: 0->0
[6.384s][info][gc,metaspace ] GC(0) Metaspace: 10000K->10000K(1058816K)
[6.384s][info][gc           ] GC(0) Pause Young (G1 Evacuation Pause) 24M->8M(502M) 9.895ms
[6.384s][info][gc,cpu       ] GC(0) User=0.04s Sys=0.01s Real=0.01s
[21.321s][info][gc,start     ] GC(1) Pause Young (G1 Evacuation Pause)
[21.321s][info][gc,task      ] GC(1) Using 8 workers of 8 for evacuation
[21.336s][info][gc,phases    ] GC(1)   Pre Evacuate Collection Set: 0.0ms
[21.336s][info][gc,phases    ] GC(1)   Evacuate Collection Set: 14.4ms
[21.336s][info][gc,phases    ] GC(1)   Post Evacuate Collection Set: 0.4ms
[21.336s][info][gc,phases    ] GC(1)   Other: 0.3ms
[21.336s][info][gc,heap      ] GC(1) Eden regions: 10->0(16)
[21.336s][info][gc,heap      ] GC(1) Survivor regions: 2->2(2)
[21.336s][info][gc,heap      ] GC(1) Old regions: 3->12
[21.337s][info][gc,heap      ] GC(1) Humongous regions: 0->0
[21.337s][info][gc,metaspace ] GC(1) Metaspace: 10007K->10007K(1058816K)
[21.337s][info][gc           ] GC(1) Pause Young (G1 Evacuation Pause) 28M->26M(502M) 15.344ms
[21.337s][info][gc,cpu       ] GC(1) User=0.05s Sys=0.03s Real=0.02s
[33.648s][info][gc,start     ] GC(2) Pause Young (G1 Evacuation Pause)
[33.648s][info][gc,task      ] GC(2) Using 8 workers of 8 for evacuation
[33.667s][info][gc,phases    ] GC(2)   Pre Evacuate Collection Set: 0.0ms
[33.667s][info][gc,phases    ] GC(2)   Evacuate Collection Set: 17.8ms
[33.667s][info][gc,phases    ] GC(2)   Post Evacuate Collection Set: 0.4ms
[33.667s][info][gc,phases    ] GC(2)   Other: 0.3ms
[33.667s][info][gc,heap      ] GC(2) Eden regions: 16->0(18)
[33.667s][info][gc,heap      ] GC(2) Survivor regions: 2->3(3)
[33.667s][info][gc,heap      ] GC(2) Old regions: 12->26
[33.667s][info][gc,heap      ] GC(2) Humongous regions: 0->0
[33.667s][info][gc,metaspace ] GC(2) Metaspace: 10007K->10007K(1058816K)
[33.667s][info][gc           ] GC(2) Pause Young (G1 Evacuation Pause) 58M->57M(502M) 18.686ms
[33.667s][info][gc,cpu       ] GC(2) User=0.05s Sys=0.06s Real=0.02s
[43.567s][info][gc,start     ] GC(3) Pause Young (G1 Evacuation Pause)
[43.567s][info][gc,task      ] GC(3) Using 8 workers of 8 for evacuation
[43.580s][info][gc,phases    ] GC(3)   Pre Evacuate Collection Set: 0.0ms
[43.580s][info][gc,phases    ] GC(3)   Evacuate Collection Set: 12.9ms
[43.580s][info][gc,phases    ] GC(3)   Post Evacuate Collection Set: 0.2ms
[43.580s][info][gc,phases    ] GC(3)   Other: 0.2ms
[43.580s][info][gc,heap      ] GC(3) Eden regions: 18->0(22)
[43.580s][info][gc,heap      ] GC(3) Survivor regions: 3->3(3)
[43.580s][info][gc,heap      ] GC(3) Old regions: 26->44
[43.580s][info][gc,heap      ] GC(3) Humongous regions: 0->0
[43.580s][info][gc,metaspace ] GC(3) Metaspace: 10007K->10007K(1058816K)
[43.580s][info][gc           ] GC(3) Pause Young (G1 Evacuation Pause) 93M->92M(502M) 13.496ms
[43.580s][info][gc,cpu       ] GC(3) User=0.03s Sys=0.07s Real=0.01s
[53.235s][info][gc,start     ] GC(4) Pause Young (G1 Evacuation Pause)
[53.235s][info][gc,task      ] GC(4) Using 8 workers of 8 for evacuation
[53.239s][info][gc,phases    ] GC(4)   Pre Evacuate Collection Set: 0.0ms
[53.239s][info][gc,phases    ] GC(4)   Evacuate Collection Set: 3.5ms
[53.239s][info][gc,phases    ] GC(4)   Post Evacuate Collection Set: 0.3ms
[53.239s][info][gc,phases    ] GC(4)   Other: 0.3ms
[53.239s][info][gc,heap      ] GC(4) Eden regions: 22->0(136)
[53.240s][info][gc,heap      ] GC(4) Survivor regions: 3->4(4)
[53.240s][info][gc,heap      ] GC(4) Old regions: 44->44
[53.240s][info][gc,heap      ] GC(4) Humongous regions: 0->0
[53.240s][info][gc,metaspace ] GC(4) Metaspace: 10032K->10032K(1058816K)
[53.240s][info][gc           ] GC(4) Pause Young (G1 Evacuation Pause) 136M->94M(502M) 4.310ms
[53.240s][info][gc,cpu       ] GC(4) User=0.02s Sys=0.02s Real=0.00s
[93.066s][info][gc,start     ] GC(5) Pause Young (G1 Evacuation Pause)
[93.067s][info][gc,task      ] GC(5) Using 8 workers of 8 for evacuation
[93.282s][info][gc,mmu       ] GC(5) MMU target violated: 201.0ms (200.0ms/201.0ms)
[93.282s][info][gc,phases    ] GC(5)   Pre Evacuate Collection Set: 0.0ms
[93.282s][info][gc,phases    ] GC(5)   Evacuate Collection Set: 213.8ms
[93.282s][info][gc,phases    ] GC(5)   Post Evacuate Collection Set: 0.3ms
[93.282s][info][gc,phases    ] GC(5)   Other: 2.0ms
[93.282s][info][gc,heap      ] GC(5) Eden regions: 136->0(36)
[93.282s][info][gc,heap      ] GC(5) Survivor regions: 4->18(18)
[93.282s][info][gc,heap      ] GC(5) Old regions: 44->164
[93.282s][info][gc,heap      ] GC(5) Humongous regions: 0->0
[93.282s][info][gc,metaspace ] GC(5) Metaspace: 10032K->10032K(1058816K)
[93.282s][info][gc           ] GC(5) Pause Young (G1 Evacuation Pause) 366M->363M(644M) 216.261ms
[93.282s][info][gc,cpu       ] GC(5) User=0.20s Sys=0.26s Real=0.21s
[101.171s][info][gc,start     ] GC(6) Pause Initial Mark (G1 Evacuation Pause)
[101.171s][info][gc,task      ] GC(6) Using 8 workers of 8 for evacuation
[101.209s][info][gc,phases    ] GC(6)   Pre Evacuate Collection Set: 0.0ms
[101.209s][info][gc,phases    ] GC(6)   Evacuate Collection Set: 36.9ms
[101.209s][info][gc,phases    ] GC(6)   Post Evacuate Collection Set: 0.6ms
[101.209s][info][gc,phases    ] GC(6)   Other: 0.4ms
[101.209s][info][gc,heap      ] GC(6) Eden regions: 36->0(23)
[101.209s][info][gc,heap      ] GC(6) Survivor regions: 18->7(7)
[101.209s][info][gc,heap      ] GC(6) Old regions: 164->211
[101.209s][info][gc,heap      ] GC(6) Humongous regions: 0->0
[101.209s][info][gc,metaspace ] GC(6) Metaspace: 10032K->10032K(1058816K)
[101.209s][info][gc           ] GC(6) Pause Initial Mark (G1 Evacuation Pause) 435M->435M(644M) 38.159ms
[101.209s][info][gc,cpu       ] GC(6) User=0.22s Sys=0.00s Real=0.04s
[101.209s][info][gc           ] GC(7) Concurrent Cycle
[101.209s][info][gc,marking   ] GC(7) Concurrent Clear Claimed Marks
[101.209s][info][gc,marking   ] GC(7) Concurrent Clear Claimed Marks 0.042ms
[101.209s][info][gc,marking   ] GC(7) Concurrent Scan Root Regions
[101.211s][info][gc,marking   ] GC(7) Concurrent Scan Root Regions 1.950ms
[101.212s][info][gc,marking   ] GC(7) Concurrent Mark (101.212s)
[101.212s][info][gc,marking   ] GC(7) Concurrent Mark From Roots
[101.212s][info][gc,task      ] GC(7) Using 2 workers of 2 for marking
[101.230s][info][gc,marking   ] GC(7) Concurrent Mark From Roots 18.023ms
[101.230s][info][gc,marking   ] GC(7) Concurrent Mark (101.212s, 101.230s) 18.136ms
[101.230s][info][gc,start     ] GC(7) Pause Remark
[101.235s][info][gc,stringtable] GC(7) Cleaned string and symbol table, strings: 4490 processed, 17 removed, symbols: 35547 processed, 12 removed
[101.235s][info][gc            ] GC(7) Pause Remark 436M->436M(644M) 5.483ms
[101.235s][info][gc,cpu        ] GC(7) User=0.02s Sys=0.01s Real=0.01s
[101.235s][info][gc,marking    ] GC(7) Concurrent Create Live Data
[101.241s][info][gc,marking    ] GC(7) Concurrent Create Live Data 5.188ms
[101.241s][info][gc,start      ] GC(7) Pause Cleanup
[101.242s][info][gc            ] GC(7) Pause Cleanup 436M->402M(644M) 0.711ms
[101.242s][info][gc,cpu        ] GC(7) User=0.00s Sys=0.00s Real=0.00s
[101.242s][info][gc,marking    ] GC(7) Concurrent Complete Cleanup
[101.242s][info][gc,marking    ] GC(7) Concurrent Complete Cleanup 0.115ms
[101.242s][info][gc,marking    ] GC(7) Concurrent Cleanup for Next Mark
[101.249s][info][gc,marking    ] GC(7) Concurrent Cleanup for Next Mark 7.374ms
[101.249s][info][gc            ] GC(7) Concurrent Cycle 40.031ms
[105.898s][info][gc,start      ] GC(8) Pause Young (G1 Evacuation Pause)
[105.898s][info][gc,task       ] GC(8) Using 8 workers of 8 for evacuation
[105.906s][info][gc,phases     ] GC(8)   Pre Evacuate Collection Set: 0.0ms
[105.906s][info][gc,phases     ] GC(8)   Evacuate Collection Set: 6.7ms
[105.906s][info][gc,phases     ] GC(8)   Post Evacuate Collection Set: 0.3ms
[105.906s][info][gc,phases     ] GC(8)   Other: 0.3ms
[105.906s][info][gc,heap       ] GC(8) Eden regions: 23->0(27)
[105.906s][info][gc,heap       ] GC(8) Survivor regions: 7->4(4)
[105.906s][info][gc,heap       ] GC(8) Old regions: 194->204
[105.906s][info][gc,heap       ] GC(8) Humongous regions: 0->0
[105.906s][info][gc,metaspace  ] GC(8) Metaspace: 10032K->10032K(1058816K)
[105.906s][info][gc            ] GC(8) Pause Young (G1 Evacuation Pause) 447M->414M(644M) 7.656ms
[105.906s][info][gc,cpu        ] GC(8) User=0.05s Sys=0.01s Real=0.01s
[111.183s][info][gc,start      ] GC(9) Pause Initial Mark (G1 Evacuation Pause)
[111.183s][info][gc,task       ] GC(9) Using 8 workers of 8 for evacuation
[111.200s][info][gc,phases     ] GC(9)   Pre Evacuate Collection Set: 0.0ms
[111.200s][info][gc,phases     ] GC(9)   Evacuate Collection Set: 16.1ms
[111.200s][info][gc,phases     ] GC(9)   Post Evacuate Collection Set: 0.4ms
[111.200s][info][gc,phases     ] GC(9)   Other: 0.3ms
[111.200s][info][gc,heap       ] GC(9) Eden regions: 27->0(17)
[111.200s][info][gc,heap       ] GC(9) Survivor regions: 4->4(4)
[111.200s][info][gc,heap       ] GC(9) Old regions: 204->231
[111.200s][info][gc,heap       ] GC(9) Humongous regions: 0->0
[111.200s][info][gc,metaspace  ] GC(9) Metaspace: 10032K->10032K(1058816K)
[111.200s][info][gc            ] GC(9) Pause Initial Mark (G1 Evacuation Pause) 468M->469M(644M) 16.898ms
[111.200s][info][gc,cpu        ] GC(9) User=0.10s Sys=0.00s Real=0.01s
[111.200s][info][gc            ] GC(10) Concurrent Cycle
[111.200s][info][gc,marking    ] GC(10) Concurrent Clear Claimed Marks
[111.200s][info][gc,marking    ] GC(10) Concurrent Clear Claimed Marks 0.015ms
[111.200s][info][gc,marking    ] GC(10) Concurrent Scan Root Regions
[111.201s][info][gc,marking    ] GC(10) Concurrent Scan Root Regions 0.259ms
[111.201s][info][gc,marking    ] GC(10) Concurrent Mark (111.201s)
[111.201s][info][gc,marking    ] GC(10) Concurrent Mark From Roots
[111.201s][info][gc,task       ] GC(10) Using 2 workers of 2 for marking
[111.214s][info][gc,marking    ] GC(10) Concurrent Mark From Roots 13.223ms
[111.214s][info][gc,marking    ] GC(10) Concurrent Mark (111.201s, 111.214s) 13.295ms
[111.214s][info][gc,start      ] GC(10) Pause Remark
[111.218s][info][gc,stringtable] GC(10) Cleaned string and symbol table, strings: 4478 processed, 0 removed, symbols: 35535 processed, 0 removed
[111.218s][info][gc            ] GC(10) Pause Remark 470M->470M(644M) 3.875ms
[111.218s][info][gc,cpu        ] GC(10) User=0.02s Sys=0.00s Real=0.00s
[111.218s][info][gc,marking    ] GC(10) Concurrent Create Live Data
[111.222s][info][gc,marking    ] GC(10) Concurrent Create Live Data 4.142ms
[111.223s][info][gc,start      ] GC(10) Pause Cleanup
[111.224s][info][gc            ] GC(10) Pause Cleanup 470M->178M(644M) 1.512ms
[111.224s][info][gc,cpu        ] GC(10) User=0.01s Sys=0.00s Real=0.01s
[111.224s][info][gc,marking    ] GC(10) Concurrent Complete Cleanup
[111.225s][info][gc,marking    ] GC(10) Concurrent Complete Cleanup 0.496ms
[111.225s][info][gc,marking    ] GC(10) Concurrent Cleanup for Next Mark
[111.230s][info][gc,marking    ] GC(10) Concurrent Cleanup for Next Mark 5.533ms
[111.230s][info][gc            ] GC(10) Concurrent Cycle 30.067ms
[114.371s][info][gc,start      ] GC(11) Pause Young (G1 Evacuation Pause)
[114.371s][info][gc,task       ] GC(11) Using 8 workers of 8 for evacuation
[114.391s][info][gc,phases     ] GC(11)   Pre Evacuate Collection Set: 0.0ms
[114.391s][info][gc,phases     ] GC(11)   Evacuate Collection Set: 19.5ms
[114.391s][info][gc,phases     ] GC(11)   Post Evacuate Collection Set: 0.4ms
[114.391s][info][gc,phases     ] GC(11)   Other: 0.2ms
[114.391s][info][gc,heap       ] GC(11) Eden regions: 17->0(13)
[114.391s][info][gc,heap       ] GC(11) Survivor regions: 4->3(3)
[114.391s][info][gc,heap       ] GC(11) Old regions: 85->103
[114.391s][info][gc,heap       ] GC(11) Humongous regions: 0->0
[114.391s][info][gc,metaspace  ] GC(11) Metaspace: 10032K->10032K(1058816K)
[114.391s][info][gc            ] GC(11) Pause Young (G1 Evacuation Pause) 211M->210M(644M) 20.386ms
[114.391s][info][gc,cpu        ] GC(11) User=0.11s Sys=0.01s Real=0.02s
[116.757s][info][gc,start      ] GC(12) Pause Mixed (G1 Evacuation Pause)
[116.757s][info][gc,task       ] GC(12) Using 8 workers of 8 for evacuation
[116.774s][info][gc,phases     ] GC(12)   Pre Evacuate Collection Set: 0.1ms
[116.774s][info][gc,phases     ] GC(12)   Evacuate Collection Set: 16.0ms
[116.774s][info][gc,phases     ] GC(12)   Post Evacuate Collection Set: 0.5ms
[116.774s][info][gc,phases     ] GC(12)   Other: 0.3ms
[116.774s][info][gc,heap       ] GC(12) Eden regions: 13->0(60)
[116.774s][info][gc,heap       ] GC(12) Survivor regions: 3->2(2)
[116.774s][info][gc,heap       ] GC(12) Old regions: 103->97
[116.774s][info][gc,heap       ] GC(12) Humongous regions: 0->0
[116.774s][info][gc,metaspace  ] GC(12) Metaspace: 10032K->10032K(1058816K)
[116.774s][info][gc            ] GC(12) Pause Mixed (G1 Evacuation Pause) 236M->197M(644M) 16.999ms
[116.774s][info][gc,cpu        ] GC(12) User=0.10s Sys=0.00s Real=0.02s
[127.235s][info][gc,start      ] GC(13) Pause Young (G1 Evacuation Pause)
[127.235s][info][gc,task       ] GC(13) Using 8 workers of 8 for evacuation
[127.282s][info][gc,phases     ] GC(13)   Pre Evacuate Collection Set: 0.0ms
[127.282s][info][gc,phases     ] GC(13)   Evacuate Collection Set: 45.9ms
[127.282s][info][gc,phases     ] GC(13)   Post Evacuate Collection Set: 0.4ms
[127.282s][info][gc,phases     ] GC(13)   Other: 0.3ms
[127.282s][info][gc,heap       ] GC(13) Eden regions: 60->0(40)
[127.282s][info][gc,heap       ] GC(13) Survivor regions: 2->8(8)
[127.282s][info][gc,heap       ] GC(13) Old regions: 97->152
[127.282s][info][gc,heap       ] GC(13) Humongous regions: 0->0
[127.282s][info][gc,metaspace  ] GC(13) Metaspace: 10032K->10032K(1058816K)
[127.282s][info][gc            ] GC(13) Pause Young (G1 Evacuation Pause) 317M->318M(644M) 46.939ms
[127.282s][info][gc,cpu        ] GC(13) User=0.26s Sys=0.00s Real=0.04s
[133.801s][info][gc,start      ] GC(14) Pause Initial Mark (G1 Evacuation Pause)
[133.802s][info][gc,task       ] GC(14) Using 8 workers of 8 for evacuation
[133.842s][info][gc,phases     ] GC(14)   Pre Evacuate Collection Set: 0.0ms
[133.842s][info][gc,phases     ] GC(14)   Evacuate Collection Set: 39.6ms
[133.842s][info][gc,phases     ] GC(14)   Post Evacuate Collection Set: 0.5ms
[133.842s][info][gc,phases     ] GC(14)   Other: 0.3ms
[133.842s][info][gc,heap       ] GC(14) Eden regions: 40->0(27)
[133.842s][info][gc,heap       ] GC(14) Survivor regions: 8->6(6)
[133.842s][info][gc,heap       ] GC(14) Old regions: 152->194
[133.842s][info][gc,heap       ] GC(14) Humongous regions: 0->0
[133.842s][info][gc,metaspace  ] GC(14) Metaspace: 10032K->10032K(1058816K)
[133.842s][info][gc            ] GC(14) Pause Initial Mark (G1 Evacuation Pause) 398M->398M(644M) 40.751ms
[133.842s][info][gc,cpu        ] GC(14) User=0.23s Sys=0.00s Real=0.04s
[133.842s][info][gc            ] GC(15) Concurrent Cycle
[133.842s][info][gc,marking    ] GC(15) Concurrent Clear Claimed Marks
[133.843s][info][gc,marking    ] GC(15) Concurrent Clear Claimed Marks 0.030ms
[133.843s][info][gc,marking    ] GC(15) Concurrent Scan Root Regions
[133.843s][info][gc,marking    ] GC(15) Concurrent Scan Root Regions 0.554ms
[133.843s][info][gc,marking    ] GC(15) Concurrent Mark (133.843s)
[133.843s][info][gc,marking    ] GC(15) Concurrent Mark From Roots
[133.843s][info][gc,task       ] GC(15) Using 2 workers of 2 for marking
[133.860s][info][gc,marking    ] GC(15) Concurrent Mark From Roots 16.309ms
[133.860s][info][gc,marking    ] GC(15) Concurrent Mark (133.843s, 133.860s) 16.492ms
[133.860s][info][gc,start      ] GC(15) Pause Remark
[133.868s][info][gc,stringtable] GC(15) Cleaned string and symbol table, strings: 4478 processed, 0 removed, symbols: 35535 processed, 0 removed
[133.868s][info][gc            ] GC(15) Pause Remark 399M->399M(644M) 8.252ms
[133.868s][info][gc,cpu        ] GC(15) User=0.03s Sys=0.00s Real=0.01s
[133.868s][info][gc,marking    ] GC(15) Concurrent Create Live Data
[133.873s][info][gc,marking    ] GC(15) Concurrent Create Live Data 4.268ms
[133.873s][info][gc,start      ] GC(15) Pause Cleanup
[133.874s][info][gc            ] GC(15) Pause Cleanup 399M->399M(644M) 0.938ms
[133.874s][info][gc,cpu        ] GC(15) User=0.00s Sys=0.00s Real=0.00s
[133.874s][info][gc,marking    ] GC(15) Concurrent Cleanup for Next Mark
[133.877s][info][gc,marking    ] GC(15) Concurrent Cleanup for Next Mark 2.805ms
[133.877s][info][gc            ] GC(15) Concurrent Cycle 34.591ms
[138.011s][info][gc,start      ] GC(16) Pause Young (G1 Evacuation Pause)
[138.011s][info][gc,task       ] GC(16) Using 8 workers of 8 for evacuation
[138.024s][info][gc,phases     ] GC(16)   Pre Evacuate Collection Set: 0.0ms
[138.024s][info][gc,phases     ] GC(16)   Evacuate Collection Set: 12.6ms
[138.024s][info][gc,phases     ] GC(16)   Post Evacuate Collection Set: 0.2ms
[138.024s][info][gc,phases     ] GC(16)   Other: 0.2ms
[138.024s][info][gc,heap       ] GC(16) Eden regions: 27->0(19)
[138.024s][info][gc,heap       ] GC(16) Survivor regions: 6->5(5)
[138.024s][info][gc,heap       ] GC(16) Old regions: 194->222
[138.024s][info][gc,heap       ] GC(16) Humongous regions: 0->0
[138.024s][info][gc,metaspace  ] GC(16) Metaspace: 10032K->10032K(1058816K)
[138.024s][info][gc            ] GC(16) Pause Young (G1 Evacuation Pause) 452M->453M(644M) 13.100ms
[138.024s][info][gc,cpu        ] GC(16) User=0.07s Sys=0.00s Real=0.02s
[140.891s][info][gc,start      ] GC(17) Pause Initial Mark (G1 Evacuation Pause)
[140.891s][info][gc,task       ] GC(17) Using 8 workers of 8 for evacuation
[140.917s][info][gc,phases     ] GC(17)   Pre Evacuate Collection Set: 0.0ms
[140.917s][info][gc,phases     ] GC(17)   Evacuate Collection Set: 25.4ms
[140.917s][info][gc,phases     ] GC(17)   Post Evacuate Collection Set: 0.2ms
[140.917s][info][gc,phases     ] GC(17)   Other: 0.4ms
[140.917s][info][gc,heap       ] GC(17) Eden regions: 19->0(13)
[140.917s][info][gc,heap       ] GC(17) Survivor regions: 5->3(3)
[140.917s][info][gc,heap       ] GC(17) Old regions: 222->243
[140.917s][info][gc,heap       ] GC(17) Humongous regions: 0->0
[140.917s][info][gc,metaspace  ] GC(17) Metaspace: 10032K->10032K(1058816K)
[140.917s][info][gc            ] GC(17) Pause Initial Mark (G1 Evacuation Pause) 491M->490M(644M) 26.219ms
[140.917s][info][gc,cpu        ] GC(17) User=0.15s Sys=0.00s Real=0.03s
[140.917s][info][gc            ] GC(18) Concurrent Cycle
[140.917s][info][gc,marking    ] GC(18) Concurrent Clear Claimed Marks
[140.917s][info][gc,marking    ] GC(18) Concurrent Clear Claimed Marks 0.025ms
[140.917s][info][gc,marking    ] GC(18) Concurrent Scan Root Regions
[140.918s][info][gc,marking    ] GC(18) Concurrent Scan Root Regions 0.340ms
[140.918s][info][gc,marking    ] GC(18) Concurrent Mark (140.918s)
[140.918s][info][gc,marking    ] GC(18) Concurrent Mark From Roots
[140.918s][info][gc,task       ] GC(18) Using 2 workers of 2 for marking
[140.932s][info][gc,marking    ] GC(18) Concurrent Mark From Roots 14.669ms
[140.932s][info][gc,marking    ] GC(18) Concurrent Mark (140.918s, 140.932s) 14.784ms
[140.933s][info][gc,start      ] GC(18) Pause Remark
[140.938s][info][gc,stringtable] GC(18) Cleaned string and symbol table, strings: 4478 processed, 0 removed, symbols: 35535 processed, 0 removed
[140.938s][info][gc            ] GC(18) Pause Remark 491M->491M(644M) 5.467ms
[140.938s][info][gc,cpu        ] GC(18) User=0.03s Sys=0.00s Real=0.01s
[140.938s][info][gc,marking    ] GC(18) Concurrent Create Live Data
[140.942s][info][gc,marking    ] GC(18) Concurrent Create Live Data 3.552ms
[140.942s][info][gc,start      ] GC(18) Pause Cleanup
[140.943s][info][gc            ] GC(18) Pause Cleanup 491M->491M(644M) 1.213ms
[140.943s][info][gc,cpu        ] GC(18) User=0.00s Sys=0.00s Real=0.01s
[140.943s][info][gc,marking    ] GC(18) Concurrent Cleanup for Next Mark
[140.945s][info][gc,marking    ] GC(18) Concurrent Cleanup for Next Mark 1.538ms
[140.945s][info][gc            ] GC(18) Concurrent Cycle 27.766ms
[142.877s][info][gc,start      ] GC(19) Pause Young (G1 Evacuation Pause)
[142.877s][info][gc,task       ] GC(19) Using 8 workers of 8 for evacuation
[142.897s][info][gc,phases     ] GC(19)   Pre Evacuate Collection Set: 0.0ms
[142.897s][info][gc,phases     ] GC(19)   Evacuate Collection Set: 19.2ms
[142.897s][info][gc,phases     ] GC(19)   Post Evacuate Collection Set: 0.3ms
[142.897s][info][gc,phases     ] GC(19)   Other: 0.4ms
[142.897s][info][gc,heap       ] GC(19) Eden regions: 13->0(14)
[142.897s][info][gc,heap       ] GC(19) Survivor regions: 3->2(2)
[142.897s][info][gc,heap       ] GC(19) Old regions: 243->257
[142.897s][info][gc,heap       ] GC(19) Humongous regions: 0->0
[142.897s][info][gc,metaspace  ] GC(19) Metaspace: 10032K->10032K(1058816K)
[142.897s][info][gc            ] GC(19) Pause Young (G1 Evacuation Pause) 516M->517M(644M) 19.914ms
[142.897s][info][gc,cpu        ] GC(19) User=0.11s Sys=0.01s Real=0.02s
[144.950s][info][gc,start      ] GC(20) Pause Initial Mark (G1 Evacuation Pause)
[144.951s][info][gc,task       ] GC(20) Using 8 workers of 8 for evacuation
[144.959s][info][gc,phases     ] GC(20)   Pre Evacuate Collection Set: 0.0ms
[144.959s][info][gc,phases     ] GC(20)   Evacuate Collection Set: 7.5ms
[144.959s][info][gc,phases     ] GC(20)   Post Evacuate Collection Set: 0.4ms
[144.959s][info][gc,phases     ] GC(20)   Other: 0.4ms
[144.959s][info][gc,heap       ] GC(20) Eden regions: 14->0(14)
[144.959s][info][gc,heap       ] GC(20) Survivor regions: 2->2(2)
[144.959s][info][gc,heap       ] GC(20) Old regions: 257->271
[144.959s][info][gc,heap       ] GC(20) Humongous regions: 0->0
[144.959s][info][gc,metaspace  ] GC(20) Metaspace: 10032K->10032K(1058816K)
[144.959s][info][gc            ] GC(20) Pause Initial Mark (G1 Evacuation Pause) 545M->545M(644M) 8.475ms
[144.959s][info][gc,cpu        ] GC(20) User=0.04s Sys=0.00s Real=0.01s
[144.959s][info][gc            ] GC(21) Concurrent Cycle
[144.959s][info][gc,marking    ] GC(21) Concurrent Clear Claimed Marks
[144.959s][info][gc,marking    ] GC(21) Concurrent Clear Claimed Marks 0.029ms
[144.959s][info][gc,marking    ] GC(21) Concurrent Scan Root Regions
[144.960s][info][gc,marking    ] GC(21) Concurrent Scan Root Regions 0.398ms
[144.960s][info][gc,marking    ] GC(21) Concurrent Mark (144.960s)
[144.960s][info][gc,marking    ] GC(21) Concurrent Mark From Roots
[144.960s][info][gc,task       ] GC(21) Using 2 workers of 2 for marking
[144.974s][info][gc,marking    ] GC(21) Concurrent Mark From Roots 14.024ms
[144.974s][info][gc,marking    ] GC(21) Concurrent Mark (144.960s, 144.974s) 14.126ms
[144.974s][info][gc,start      ] GC(21) Pause Remark
[144.978s][info][gc,stringtable] GC(21) Cleaned string and symbol table, strings: 4478 processed, 0 removed, symbols: 35535 processed, 0 removed
[144.978s][info][gc            ] GC(21) Pause Remark 546M->546M(644M) 4.292ms
[144.978s][info][gc,cpu        ] GC(21) User=0.03s Sys=0.00s Real=0.00s
[144.978s][info][gc,marking    ] GC(21) Concurrent Create Live Data
[144.983s][info][gc,marking    ] GC(21) Concurrent Create Live Data 4.612ms
[144.983s][info][gc,start      ] GC(21) Pause Cleanup
[144.984s][info][gc            ] GC(21) Pause Cleanup 546M->546M(644M) 1.121ms
[144.984s][info][gc,cpu        ] GC(21) User=0.00s Sys=0.00s Real=0.00s
[144.985s][info][gc,marking    ] GC(21) Concurrent Cleanup for Next Mark
[144.988s][info][gc,marking    ] GC(21) Concurrent Cleanup for Next Mark 2.941ms
[144.988s][info][gc            ] GC(21) Concurrent Cycle 28.613ms
[146.948s][info][gc,start      ] GC(22) Pause Young (G1 Evacuation Pause)
[146.948s][info][gc,task       ] GC(22) Using 8 workers of 8 for evacuation
[146.958s][info][gc,phases     ] GC(22)   Pre Evacuate Collection Set: 0.0ms
[146.958s][info][gc,phases     ] GC(22)   Evacuate Collection Set: 10.0ms
[146.958s][info][gc,phases     ] GC(22)   Post Evacuate Collection Set: 0.3ms
[146.958s][info][gc,phases     ] GC(22)   Other: 0.3ms
[146.958s][info][gc,heap       ] GC(22) Eden regions: 14->0(14)
[146.958s][info][gc,heap       ] GC(22) Survivor regions: 2->2(2)
[146.959s][info][gc,heap       ] GC(22) Old regions: 271->285
[146.959s][info][gc,heap       ] GC(22) Humongous regions: 0->0
[146.959s][info][gc,metaspace  ] GC(22) Metaspace: 10032K->10032K(1058816K)
[146.959s][info][gc            ] GC(22) Pause Young (G1 Evacuation Pause) 573M->573M(644M) 10.684ms
[146.959s][info][gc,cpu        ] GC(22) User=0.06s Sys=0.00s Real=0.01s
[148.939s][info][gc,start      ] GC(23) Pause Initial Mark (G1 Evacuation Pause)
[148.939s][info][gc,task       ] GC(23) Using 8 workers of 8 for evacuation
[148.953s][info][gc,phases     ] GC(23)   Pre Evacuate Collection Set: 0.0ms
[148.953s][info][gc,phases     ] GC(23)   Evacuate Collection Set: 13.4ms
[148.953s][info][gc,phases     ] GC(23)   Post Evacuate Collection Set: 0.3ms
[148.953s][info][gc,phases     ] GC(23)   Other: 0.3ms
[148.953s][info][gc,heap       ] GC(23) Eden regions: 14->0(14)
[148.953s][info][gc,heap       ] GC(23) Survivor regions: 2->2(2)
[148.953s][info][gc,heap       ] GC(23) Old regions: 285->299
[148.953s][info][gc,heap       ] GC(23) Humongous regions: 0->0
[148.953s][info][gc,metaspace  ] GC(23) Metaspace: 10032K->10032K(1058816K)
[148.953s][info][gc            ] GC(23) Pause Initial Mark (G1 Evacuation Pause) 601M->601M(644M) 14.151ms
[148.953s][info][gc,cpu        ] GC(23) User=0.09s Sys=0.00s Real=0.02s
[148.953s][info][gc            ] GC(24) Concurrent Cycle
[148.953s][info][gc,marking    ] GC(24) Concurrent Clear Claimed Marks
[148.953s][info][gc,marking    ] GC(24) Concurrent Clear Claimed Marks 0.016ms
[148.953s][info][gc,marking    ] GC(24) Concurrent Scan Root Regions
[148.953s][info][gc,marking    ] GC(24) Concurrent Scan Root Regions 0.302ms
[148.953s][info][gc,marking    ] GC(24) Concurrent Mark (148.953s)
[148.953s][info][gc,marking    ] GC(24) Concurrent Mark From Roots
[148.953s][info][gc,task       ] GC(24) Using 2 workers of 2 for marking
[148.967s][info][gc,marking    ] GC(24) Concurrent Mark From Roots 13.527ms
[148.967s][info][gc,marking    ] GC(24) Concurrent Mark (148.953s, 148.967s) 13.620ms
[148.967s][info][gc,start      ] GC(24) Pause Remark
[148.970s][info][gc,stringtable] GC(24) Cleaned string and symbol table, strings: 4478 processed, 0 removed, symbols: 35535 processed, 0 removed
[148.970s][info][gc            ] GC(24) Pause Remark 602M->602M(644M) 2.962ms
[148.970s][info][gc,cpu        ] GC(24) User=0.01s Sys=0.00s Real=0.00s
[148.970s][info][gc,marking    ] GC(24) Concurrent Create Live Data
[148.975s][info][gc,marking    ] GC(24) Concurrent Create Live Data 4.851ms
[148.975s][info][gc,start      ] GC(24) Pause Cleanup
[148.977s][info][gc            ] GC(24) Pause Cleanup 602M->602M(644M) 1.328ms
[148.977s][info][gc,cpu        ] GC(24) User=0.01s Sys=0.00s Real=0.00s
[148.977s][info][gc,marking    ] GC(24) Concurrent Cleanup for Next Mark
[148.979s][info][gc,marking    ] GC(24) Concurrent Cleanup for Next Mark 2.260ms
[148.979s][info][gc            ] GC(24) Concurrent Cycle 26.347ms
[150.932s][info][gc,start      ] GC(25) Pause Young (G1 Evacuation Pause)
[150.932s][info][gc,task       ] GC(25) Using 8 workers of 8 for evacuation
[150.947s][info][gc,phases     ] GC(25)   Pre Evacuate Collection Set: 0.0ms
[150.947s][info][gc,phases     ] GC(25)   Evacuate Collection Set: 14.6ms
[150.947s][info][gc,phases     ] GC(25)   Post Evacuate Collection Set: 0.2ms
[150.947s][info][gc,phases     ] GC(25)   Other: 0.3ms
[150.947s][info][gc,heap       ] GC(25) Eden regions: 14->0(14)
[150.947s][info][gc,heap       ] GC(25) Survivor regions: 2->2(2)
[150.947s][info][gc,heap       ] GC(25) Old regions: 299->313
[150.947s][info][gc,heap       ] GC(25) Humongous regions: 0->0
[150.947s][info][gc,metaspace  ] GC(25) Metaspace: 10032K->10032K(1058816K)
[150.947s][info][gc            ] GC(25) Pause Young (G1 Evacuation Pause) 629M->629M(662M) 15.233ms
[150.947s][info][gc,cpu        ] GC(25) User=0.06s Sys=0.02s Real=0.02s
[152.926s][info][gc,start      ] GC(26) Pause Young (G1 Evacuation Pause)
[152.926s][info][gc,task       ] GC(26) Using 8 workers of 8 for evacuation
[152.942s][info][gc,phases     ] GC(26)   Pre Evacuate Collection Set: 0.1ms
[152.942s][info][gc,phases     ] GC(26)   Evacuate Collection Set: 15.6ms
[152.942s][info][gc,phases     ] GC(26)   Post Evacuate Collection Set: 0.1ms
[152.942s][info][gc,phases     ] GC(26)   Other: 0.3ms
[152.942s][info][gc,heap       ] GC(26) Eden regions: 14->0(15)
[152.942s][info][gc,heap       ] GC(26) Survivor regions: 2->2(2)
[152.942s][info][gc,heap       ] GC(26) Old regions: 313->327
[152.942s][info][gc,heap       ] GC(26) Humongous regions: 0->0
[152.943s][info][gc,metaspace  ] GC(26) Metaspace: 10032K->10032K(1058816K)
[152.943s][info][gc            ] GC(26) Pause Young (G1 Evacuation Pause) 657M->657M(690M) 16.107ms
[152.943s][info][gc,cpu        ] GC(26) User=0.06s Sys=0.04s Real=0.01s
[155.007s][info][gc,start      ] GC(27) Pause Initial Mark (G1 Evacuation Pause)
[155.007s][info][gc,task       ] GC(27) Using 8 workers of 8 for evacuation
[155.013s][info][gc,phases     ] GC(27)   Pre Evacuate Collection Set: 0.0ms
[155.013s][info][gc,phases     ] GC(27)   Evacuate Collection Set: 5.3ms
[155.013s][info][gc,phases     ] GC(27)   Post Evacuate Collection Set: 0.2ms
[155.013s][info][gc,phases     ] GC(27)   Other: 0.3ms
[155.013s][info][gc,heap       ] GC(27) Eden regions: 15->0(14)
[155.013s][info][gc,heap       ] GC(27) Survivor regions: 2->3(3)
[155.013s][info][gc,heap       ] GC(27) Old regions: 327->329
[155.013s][info][gc,heap       ] GC(27) Humongous regions: 0->0
[155.013s][info][gc,metaspace  ] GC(27) Metaspace: 10032K->10032K(1058816K)
[155.013s][info][gc            ] GC(27) Pause Initial Mark (G1 Evacuation Pause) 687M->663M(698M) 5.971ms
[155.013s][info][gc,cpu        ] GC(27) User=0.02s Sys=0.01s Real=0.01s
[155.013s][info][gc            ] GC(28) Concurrent Cycle
[155.013s][info][gc,marking    ] GC(28) Concurrent Clear Claimed Marks
[155.013s][info][gc,marking    ] GC(28) Concurrent Clear Claimed Marks 0.017ms
[155.013s][info][gc,marking    ] GC(28) Concurrent Scan Root Regions
[155.014s][info][gc,marking    ] GC(28) Concurrent Scan Root Regions 0.539ms
[155.014s][info][gc,marking    ] GC(28) Concurrent Mark (155.014s)
[155.014s][info][gc,marking    ] GC(28) Concurrent Mark From Roots
[155.014s][info][gc,task       ] GC(28) Using 2 workers of 2 for marking
[155.025s][info][gc,marking    ] GC(28) Concurrent Mark From Roots 11.212ms
[155.025s][info][gc,marking    ] GC(28) Concurrent Mark (155.014s, 155.025s) 11.309ms
[155.025s][info][gc,start      ] GC(28) Pause Remark
[155.029s][info][gc,stringtable] GC(28) Cleaned string and symbol table, strings: 4478 processed, 0 removed, symbols: 35535 processed, 0 removed
[155.029s][info][gc            ] GC(28) Pause Remark 663M->663M(698M) 4.115ms
[155.030s][info][gc,cpu        ] GC(28) User=0.02s Sys=0.00s Real=0.00s
[155.030s][info][gc,marking    ] GC(28) Concurrent Create Live Data
[155.033s][info][gc,marking    ] GC(28) Concurrent Create Live Data 3.770ms
[155.034s][info][gc,start      ] GC(28) Pause Cleanup
[155.035s][info][gc            ] GC(28) Pause Cleanup 663M->195M(698M) 1.204ms
[155.035s][info][gc,cpu        ] GC(28) User=0.00s Sys=0.00s Real=0.00s
[155.035s][info][gc,marking    ] GC(28) Concurrent Complete Cleanup
[155.036s][info][gc,marking    ] GC(28) Concurrent Complete Cleanup 0.670ms
[155.036s][info][gc,marking    ] GC(28) Concurrent Cleanup for Next Mark
[155.037s][info][gc,marking    ] GC(28) Concurrent Cleanup for Next Mark 1.655ms
[155.037s][info][gc            ] GC(28) Concurrent Cycle 24.181ms
[156.872s][info][gc,start      ] GC(29) Pause Young (G1 Evacuation Pause)
[156.872s][info][gc,task       ] GC(29) Using 8 workers of 8 for evacuation
[156.879s][info][gc,phases     ] GC(29)   Pre Evacuate Collection Set: 0.0ms
[156.879s][info][gc,phases     ] GC(29)   Evacuate Collection Set: 5.6ms
[156.879s][info][gc,phases     ] GC(29)   Post Evacuate Collection Set: 0.3ms
[156.879s][info][gc,phases     ] GC(29)   Other: 0.3ms
[156.879s][info][gc,heap       ] GC(29) Eden regions: 14->0(14)
[156.879s][info][gc,heap       ] GC(29) Survivor regions: 3->3(3)
[156.879s][info][gc,heap       ] GC(29) Old regions: 95->109
[156.879s][info][gc,heap       ] GC(29) Humongous regions: 0->0
[156.879s][info][gc,metaspace  ] GC(29) Metaspace: 10032K->10032K(1058816K)
[156.879s][info][gc            ] GC(29) Pause Young (G1 Evacuation Pause) 223M->223M(698M) 6.342ms
[156.879s][info][gc,cpu        ] GC(29) User=0.05s Sys=0.00s Real=0.01s
[158.726s][info][gc,start      ] GC(30) Pause Mixed (G1 Evacuation Pause)
[158.726s][info][gc,task       ] GC(30) Using 8 workers of 8 for evacuation
[158.741s][info][gc,phases     ] GC(30)   Pre Evacuate Collection Set: 0.1ms
[158.741s][info][gc,phases     ] GC(30)   Evacuate Collection Set: 14.8ms
[158.742s][info][gc,phases     ] GC(30)   Post Evacuate Collection Set: 0.6ms
[158.742s][info][gc,phases     ] GC(30)   Other: 0.3ms
[158.742s][info][gc,heap       ] GC(30) Eden regions: 14->0(14)
[158.742s][info][gc,heap       ] GC(30) Survivor regions: 3->3(3)
[158.742s][info][gc,heap       ] GC(30) Old regions: 109->89
[158.742s][info][gc,heap       ] GC(30) Humongous regions: 0->0
[158.742s][info][gc,metaspace  ] GC(30) Metaspace: 10032K->10032K(1058816K)
[158.742s][info][gc            ] GC(30) Pause Mixed (G1 Evacuation Pause) 251M->182M(698M) 15.811ms
[158.742s][info][gc,cpu        ] GC(30) User=0.10s Sys=0.00s Real=0.01s
[160.579s][info][gc,start      ] GC(31) Pause Mixed (G1 Evacuation Pause)
[160.579s][info][gc,task       ] GC(31) Using 8 workers of 8 for evacuation
[160.597s][info][gc,phases     ] GC(31)   Pre Evacuate Collection Set: 0.1ms
[160.597s][info][gc,phases     ] GC(31)   Evacuate Collection Set: 16.8ms
[160.597s][info][gc,phases     ] GC(31)   Post Evacuate Collection Set: 0.6ms
[160.597s][info][gc,phases     ] GC(31)   Other: 0.2ms
[160.597s][info][gc,heap       ] GC(31) Eden regions: 14->0(77)
[160.597s][info][gc,heap       ] GC(31) Survivor regions: 3->3(3)
[160.597s][info][gc,heap       ] GC(31) Old regions: 89->74
[160.597s][info][gc,heap       ] GC(31) Humongous regions: 0->0
[160.597s][info][gc,metaspace  ] GC(31) Metaspace: 10032K->10032K(1058816K)
[160.597s][info][gc            ] GC(31) Pause Mixed (G1 Evacuation Pause) 210M->152M(698M) 17.916ms
[160.597s][info][gc,cpu        ] GC(31) User=0.11s Sys=0.00s Real=0.02s
[170.357s][info][gc,start      ] GC(32) Pause Young (G1 Evacuation Pause)
[170.357s][info][gc,task       ] GC(32) Using 8 workers of 8 for evacuation
[170.430s][info][gc,phases     ] GC(32)   Pre Evacuate Collection Set: 0.0ms
[170.430s][info][gc,phases     ] GC(32)   Evacuate Collection Set: 72.3ms
[170.430s][info][gc,phases     ] GC(32)   Post Evacuate Collection Set: 0.5ms
[170.430s][info][gc,phases     ] GC(32)   Other: 0.3ms
[170.430s][info][gc,heap       ] GC(32) Eden regions: 77->0(52)
[170.430s][info][gc,heap       ] GC(32) Survivor regions: 3->10(10)
[170.430s][info][gc,heap       ] GC(32) Old regions: 74->142
[170.430s][info][gc,heap       ] GC(32) Humongous regions: 0->0
[170.430s][info][gc,metaspace  ] GC(32) Metaspace: 10032K->10032K(1058816K)
[170.430s][info][gc            ] GC(32) Pause Young (G1 Evacuation Pause) 306M->303M(698M) 73.354ms
[170.430s][info][gc,cpu        ] GC(32) User=0.43s Sys=0.01s Real=0.07s
[176.798s][info][gc,start      ] GC(33) Pause Young (G1 Evacuation Pause)
[176.798s][info][gc,task       ] GC(33) Using 8 workers of 8 for evacuation
[176.840s][info][gc,phases     ] GC(33)   Pre Evacuate Collection Set: 0.0ms
[176.840s][info][gc,phases     ] GC(33)   Evacuate Collection Set: 40.6ms
[176.840s][info][gc,phases     ] GC(33)   Post Evacuate Collection Set: 0.9ms
[176.840s][info][gc,phases     ] GC(33)   Other: 0.4ms
[176.840s][info][gc,heap       ] GC(33) Eden regions: 52->0(34)
[176.840s][info][gc,heap       ] GC(33) Survivor regions: 10->8(8)
[176.840s][info][gc,heap       ] GC(33) Old regions: 142->196
[176.840s][info][gc,heap       ] GC(33) Humongous regions: 0->0
[176.840s][info][gc,metaspace  ] GC(33) Metaspace: 10032K->10032K(1058816K)
[176.840s][info][gc            ] GC(33) Pause Young (G1 Evacuation Pause) 407M->407M(698M) 42.307ms
[176.840s][info][gc,cpu        ] GC(33) User=0.21s Sys=0.00s Real=0.04s
[180.891s][info][gc,start      ] GC(34) Pause Initial Mark (G1 Evacuation Pause)
[180.891s][info][gc,task       ] GC(34) Using 8 workers of 8 for evacuation
[180.939s][info][gc,phases     ] GC(34)   Pre Evacuate Collection Set: 0.0ms
[180.939s][info][gc,phases     ] GC(34)   Evacuate Collection Set: 47.4ms
[180.939s][info][gc,phases     ] GC(34)   Post Evacuate Collection Set: 0.5ms
[180.939s][info][gc,phases     ] GC(34)   Other: 0.3ms
[180.939s][info][gc,heap       ] GC(34) Eden regions: 34->0(23)
[180.939s][info][gc,heap       ] GC(34) Survivor regions: 8->6(6)
[180.939s][info][gc,heap       ] GC(34) Old regions: 196->232
[180.939s][info][gc,heap       ] GC(34) Humongous regions: 0->0
[180.939s][info][gc,metaspace  ] GC(34) Metaspace: 10032K->10032K(1058816K)
[180.939s][info][gc            ] GC(34) Pause Initial Mark (G1 Evacuation Pause) 475M->475M(698M) 48.355ms
[180.939s][info][gc,cpu        ] GC(34) User=0.25s Sys=0.01s Real=0.05s
[180.939s][info][gc            ] GC(35) Concurrent Cycle
[180.939s][info][gc,marking    ] GC(35) Concurrent Clear Claimed Marks
[180.939s][info][gc,marking    ] GC(35) Concurrent Clear Claimed Marks 0.033ms
[180.939s][info][gc,marking    ] GC(35) Concurrent Scan Root Regions
[180.940s][info][gc,marking    ] GC(35) Concurrent Scan Root Regions 0.541ms
[180.940s][info][gc,marking    ] GC(35) Concurrent Mark (180.940s)
[180.940s][info][gc,marking    ] GC(35) Concurrent Mark From Roots
[180.940s][info][gc,task       ] GC(35) Using 2 workers of 2 for marking
[180.955s][info][gc,marking    ] GC(35) Concurrent Mark From Roots 15.240ms
[180.955s][info][gc,marking    ] GC(35) Concurrent Mark (180.940s, 180.955s) 15.334ms
[180.955s][info][gc,start      ] GC(35) Pause Remark
[180.959s][info][gc,stringtable] GC(35) Cleaned string and symbol table, strings: 4478 processed, 0 removed, symbols: 35535 processed, 0 removed
[180.960s][info][gc            ] GC(35) Pause Remark 476M->476M(698M) 4.327ms
[180.960s][info][gc,cpu        ] GC(35) User=0.02s Sys=0.00s Real=0.00s
[180.960s][info][gc,marking    ] GC(35) Concurrent Create Live Data
[180.967s][info][gc,marking    ] GC(35) Concurrent Create Live Data 6.811ms
[180.967s][info][gc,start      ] GC(35) Pause Cleanup
[180.968s][info][gc            ] GC(35) Pause Cleanup 476M->476M(698M) 0.974ms
[180.968s][info][gc,cpu        ] GC(35) User=0.01s Sys=0.00s Real=0.00s
[180.968s][info][gc,marking    ] GC(35) Concurrent Cleanup for Next Mark
[180.972s][info][gc,marking    ] GC(35) Concurrent Cleanup for Next Mark 3.698ms
[180.972s][info][gc            ] GC(35) Concurrent Cycle 32.769ms
[183.521s][info][gc,start      ] GC(36) Pause Young (G1 Evacuation Pause)
[183.521s][info][gc,task       ] GC(36) Using 8 workers of 8 for evacuation
[183.531s][info][gc,phases     ] GC(36)   Pre Evacuate Collection Set: 0.0ms
[183.531s][info][gc,phases     ] GC(36)   Evacuate Collection Set: 9.9ms
[183.531s][info][gc,phases     ] GC(36)   Post Evacuate Collection Set: 0.3ms
[183.532s][info][gc,phases     ] GC(36)   Other: 0.3ms
[183.532s][info][gc,heap       ] GC(36) Eden regions: 23->0(16)
[183.532s][info][gc,heap       ] GC(36) Survivor regions: 6->4(4)
[183.532s][info][gc,heap       ] GC(36) Old regions: 232->257
[183.532s][info][gc,heap       ] GC(36) Humongous regions: 0->0
[183.532s][info][gc,metaspace  ] GC(36) Metaspace: 10032K->10032K(1058816K)
[183.532s][info][gc            ] GC(36) Pause Young (G1 Evacuation Pause) 521M->521M(698M) 10.737ms
[183.532s][info][gc,cpu        ] GC(36) User=0.08s Sys=0.00s Real=0.01s
[185.330s][info][gc,start      ] GC(37) Pause Initial Mark (G1 Evacuation Pause)
[185.330s][info][gc,task       ] GC(37) Using 8 workers of 8 for evacuation
[185.351s][info][gc,phases     ] GC(37)   Pre Evacuate Collection Set: 0.0ms
[185.351s][info][gc,phases     ] GC(37)   Evacuate Collection Set: 20.3ms
[185.351s][info][gc,phases     ] GC(37)   Post Evacuate Collection Set: 0.3ms
[185.351s][info][gc,phases     ] GC(37)   Other: 0.3ms
[185.351s][info][gc,heap       ] GC(37) Eden regions: 16->0(14)
[185.351s][info][gc,heap       ] GC(37) Survivor regions: 4->3(3)
[185.351s][info][gc,heap       ] GC(37) Old regions: 257->274
[185.351s][info][gc,heap       ] GC(37) Humongous regions: 0->0
[185.351s][info][gc,metaspace  ] GC(37) Metaspace: 10032K->10032K(1058816K)
[185.351s][info][gc            ] GC(37) Pause Initial Mark (G1 Evacuation Pause) 553M->553M(698M) 21.075ms
[185.351s][info][gc,cpu        ] GC(37) User=0.13s Sys=0.00s Real=0.02s
[185.351s][info][gc            ] GC(38) Concurrent Cycle
[185.351s][info][gc,marking    ] GC(38) Concurrent Clear Claimed Marks
[185.351s][info][gc,marking    ] GC(38) Concurrent Clear Claimed Marks 0.016ms
[185.351s][info][gc,marking    ] GC(38) Concurrent Scan Root Regions
[185.352s][info][gc,marking    ] GC(38) Concurrent Scan Root Regions 0.325ms
[185.352s][info][gc,marking    ] GC(38) Concurrent Mark (185.352s)
[185.352s][info][gc,marking    ] GC(38) Concurrent Mark From Roots
[185.352s][info][gc,task       ] GC(38) Using 2 workers of 2 for marking
[185.366s][info][gc,marking    ] GC(38) Concurrent Mark From Roots 14.206ms
[185.366s][info][gc,marking    ] GC(38) Concurrent Mark (185.352s, 185.366s) 14.332ms
[185.366s][info][gc,start      ] GC(38) Pause Remark
[185.372s][info][gc,stringtable] GC(38) Cleaned string and symbol table, strings: 4478 processed, 0 removed, symbols: 35535 processed, 0 removed
[185.372s][info][gc            ] GC(38) Pause Remark 553M->553M(698M) 5.585ms
[185.372s][info][gc,cpu        ] GC(38) User=0.03s Sys=0.00s Real=0.00s
[185.372s][info][gc,marking    ] GC(38) Concurrent Create Live Data
[185.377s][info][gc,marking    ] GC(38) Concurrent Create Live Data 4.687ms
[185.377s][info][gc,start      ] GC(38) Pause Cleanup
[185.379s][info][gc            ] GC(38) Pause Cleanup 553M->553M(698M) 1.950ms
[185.379s][info][gc,cpu        ] GC(38) User=0.00s Sys=0.00s Real=0.00s
[185.380s][info][gc,marking    ] GC(38) Concurrent Cleanup for Next Mark
[185.383s][info][gc,marking    ] GC(38) Concurrent Cleanup for Next Mark 2.934ms
[185.383s][info][gc            ] GC(38) Concurrent Cycle 31.366ms
[186.926s][info][gc,start      ] GC(39) Pause Young (G1 Evacuation Pause)
[186.926s][info][gc,task       ] GC(39) Using 8 workers of 8 for evacuation
[186.941s][info][gc,phases     ] GC(39)   Pre Evacuate Collection Set: 0.0ms
[186.941s][info][gc,phases     ] GC(39)   Evacuate Collection Set: 15.3ms
[186.941s][info][gc,phases     ] GC(39)   Post Evacuate Collection Set: 0.3ms
[186.941s][info][gc,phases     ] GC(39)   Other: 0.3ms
[186.941s][info][gc,heap       ] GC(39) Eden regions: 14->0(14)
[186.941s][info][gc,heap       ] GC(39) Survivor regions: 3->3(3)
[186.941s][info][gc,heap       ] GC(39) Old regions: 274->288
[186.941s][info][gc,heap       ] GC(39) Humongous regions: 0->0
[186.941s][info][gc,metaspace  ] GC(39) Metaspace: 10032K->10032K(1058816K)
[186.941s][info][gc            ] GC(39) Pause Young (G1 Evacuation Pause) 581M->581M(698M) 15.969ms
[186.942s][info][gc,cpu        ] GC(39) User=0.10s Sys=0.00s Real=0.01s
[188.514s][info][gc,start      ] GC(40) Pause Initial Mark (G1 Evacuation Pause)
[188.514s][info][gc,task       ] GC(40) Using 8 workers of 8 for evacuation
[188.528s][info][gc,phases     ] GC(40)   Pre Evacuate Collection Set: 0.0ms
[188.528s][info][gc,phases     ] GC(40)   Evacuate Collection Set: 13.2ms
[188.528s][info][gc,phases     ] GC(40)   Post Evacuate Collection Set: 0.3ms
[188.528s][info][gc,phases     ] GC(40)   Other: 0.3ms
[188.528s][info][gc,heap       ] GC(40) Eden regions: 14->0(14)
[188.528s][info][gc,heap       ] GC(40) Survivor regions: 3->3(3)
[188.528s][info][gc,heap       ] GC(40) Old regions: 288->302
[188.528s][info][gc,heap       ] GC(40) Humongous regions: 0->0
[188.528s][info][gc,metaspace  ] GC(40) Metaspace: 10032K->10032K(1058816K)
[188.528s][info][gc            ] GC(40) Pause Initial Mark (G1 Evacuation Pause) 609M->609M(698M) 14.067ms
[188.528s][info][gc,cpu        ] GC(40) User=0.10s Sys=0.01s Real=0.01s
[188.528s][info][gc            ] GC(41) Concurrent Cycle
[188.528s][info][gc,marking    ] GC(41) Concurrent Clear Claimed Marks
[188.528s][info][gc,marking    ] GC(41) Concurrent Clear Claimed Marks 0.023ms
[188.528s][info][gc,marking    ] GC(41) Concurrent Scan Root Regions
[188.529s][info][gc,marking    ] GC(41) Concurrent Scan Root Regions 0.633ms
[188.529s][info][gc,marking    ] GC(41) Concurrent Mark (188.529s)
[188.529s][info][gc,marking    ] GC(41) Concurrent Mark From Roots
[188.529s][info][gc,task       ] GC(41) Using 2 workers of 2 for marking
[188.543s][info][gc,marking    ] GC(41) Concurrent Mark From Roots 13.940ms
[188.543s][info][gc,marking    ] GC(41) Concurrent Mark (188.529s, 188.543s) 14.032ms
[188.543s][info][gc,start      ] GC(41) Pause Remark
[188.549s][info][gc,stringtable] GC(41) Cleaned string and symbol table, strings: 4478 processed, 0 removed, symbols: 35535 processed, 0 removed
[188.549s][info][gc            ] GC(41) Pause Remark 610M->610M(698M) 5.644ms
[188.549s][info][gc,cpu        ] GC(41) User=0.02s Sys=0.00s Real=0.00s
[188.549s][info][gc,marking    ] GC(41) Concurrent Create Live Data
[188.556s][info][gc,marking    ] GC(41) Concurrent Create Live Data 6.481ms
[188.556s][info][gc,start      ] GC(41) Pause Cleanup
[188.557s][info][gc            ] GC(41) Pause Cleanup 610M->610M(698M) 0.830ms
[188.557s][info][gc,cpu        ] GC(41) User=0.00s Sys=0.00s Real=0.00s
[188.557s][info][gc,marking    ] GC(41) Concurrent Cleanup for Next Mark
[188.558s][info][gc,marking    ] GC(41) Concurrent Cleanup for Next Mark 1.367ms
[188.558s][info][gc            ] GC(41) Concurrent Cycle 29.879ms
[190.102s][info][gc,start      ] GC(42) Pause Young (G1 Evacuation Pause)
[190.102s][info][gc,task       ] GC(42) Using 8 workers of 8 for evacuation
[190.116s][info][gc,phases     ] GC(42)   Pre Evacuate Collection Set: 0.1ms
[190.116s][info][gc,phases     ] GC(42)   Evacuate Collection Set: 13.6ms
[190.116s][info][gc,phases     ] GC(42)   Post Evacuate Collection Set: 0.3ms
[190.116s][info][gc,phases     ] GC(42)   Other: 0.3ms
[190.116s][info][gc,heap       ] GC(42) Eden regions: 14->0(14)
[190.116s][info][gc,heap       ] GC(42) Survivor regions: 3->3(3)
[190.116s][info][gc,heap       ] GC(42) Old regions: 302->316
[190.116s][info][gc,heap       ] GC(42) Humongous regions: 0->0
[190.116s][info][gc,metaspace  ] GC(42) Metaspace: 10032K->10032K(1058816K)
[190.116s][info][gc            ] GC(42) Pause Young (G1 Evacuation Pause) 637M->637M(698M) 14.423ms
[190.116s][info][gc,cpu        ] GC(42) User=0.07s Sys=0.00s Real=0.02s
[191.688s][info][gc,start      ] GC(43) Pause Initial Mark (G1 Evacuation Pause)
[191.688s][info][gc,task       ] GC(43) Using 8 workers of 8 for evacuation
[191.699s][info][gc,phases     ] GC(43)   Pre Evacuate Collection Set: 0.0ms
[191.699s][info][gc,phases     ] GC(43)   Evacuate Collection Set: 10.0ms
[191.699s][info][gc,phases     ] GC(43)   Post Evacuate Collection Set: 0.2ms
[191.699s][info][gc,phases     ] GC(43)   Other: 0.3ms
[191.699s][info][gc,heap       ] GC(43) Eden regions: 14->0(14)
[191.699s][info][gc,heap       ] GC(43) Survivor regions: 3->3(3)
[191.699s][info][gc,heap       ] GC(43) Old regions: 316->331
[191.699s][info][gc,heap       ] GC(43) Humongous regions: 0->0
[191.699s][info][gc,metaspace  ] GC(43) Metaspace: 10032K->10032K(1058816K)
[191.699s][info][gc            ] GC(43) Pause Initial Mark (G1 Evacuation Pause) 665M->666M(702M) 10.663ms
[191.699s][info][gc,cpu        ] GC(43) User=0.07s Sys=0.00s Real=0.01s
[191.699s][info][gc            ] GC(44) Concurrent Cycle
[191.699s][info][gc,marking    ] GC(44) Concurrent Clear Claimed Marks
[191.699s][info][gc,marking    ] GC(44) Concurrent Clear Claimed Marks 0.025ms
[191.699s][info][gc,marking    ] GC(44) Concurrent Scan Root Regions
[191.699s][info][gc,marking    ] GC(44) Concurrent Scan Root Regions 0.408ms
[191.699s][info][gc,marking    ] GC(44) Concurrent Mark (191.699s)
[191.699s][info][gc,marking    ] GC(44) Concurrent Mark From Roots
[191.699s][info][gc,task       ] GC(44) Using 2 workers of 2 for marking
[191.715s][info][gc,marking    ] GC(44) Concurrent Mark From Roots 15.887ms
[191.715s][info][gc,marking    ] GC(44) Concurrent Mark (191.699s, 191.715s) 16.027ms
[191.716s][info][gc,start      ] GC(44) Pause Remark
[191.720s][info][gc,stringtable] GC(44) Cleaned string and symbol table, strings: 4478 processed, 0 removed, symbols: 35535 processed, 0 removed
[191.720s][info][gc            ] GC(44) Pause Remark 667M->667M(702M) 4.289ms
[191.720s][info][gc,cpu        ] GC(44) User=0.02s Sys=0.00s Real=0.00s
[191.720s][info][gc,marking    ] GC(44) Concurrent Create Live Data
[191.724s][info][gc,marking    ] GC(44) Concurrent Create Live Data 4.099ms
[191.724s][info][gc,start      ] GC(44) Pause Cleanup
[191.725s][info][gc            ] GC(44) Pause Cleanup 667M->667M(702M) 0.971ms
[191.725s][info][gc,cpu        ] GC(44) User=0.00s Sys=0.00s Real=0.00s
[191.725s][info][gc,marking    ] GC(44) Concurrent Cleanup for Next Mark
[191.727s][info][gc,marking    ] GC(44) Concurrent Cleanup for Next Mark 1.486ms
[191.727s][info][gc            ] GC(44) Concurrent Cycle 27.975ms
[193.272s][info][gc,start      ] GC(45) Pause Young (G1 Evacuation Pause)
[193.272s][info][gc,task       ] GC(45) Using 8 workers of 8 for evacuation
[193.288s][info][gc,phases     ] GC(45)   Pre Evacuate Collection Set: 0.0ms
[193.288s][info][gc,phases     ] GC(45)   Evacuate Collection Set: 15.7ms
[193.288s][info][gc,phases     ] GC(45)   Post Evacuate Collection Set: 0.2ms
[193.288s][info][gc,phases     ] GC(45)   Other: 0.3ms
[193.288s][info][gc,heap       ] GC(45) Eden regions: 14->0(15)
[193.288s][info][gc,heap       ] GC(45) Survivor regions: 3->3(3)
[193.288s][info][gc,heap       ] GC(45) Old regions: 331->345
[193.288s][info][gc,heap       ] GC(45) Humongous regions: 0->0
[193.288s][info][gc,metaspace  ] GC(45) Metaspace: 10032K->10032K(1058816K)
[193.288s][info][gc            ] GC(45) Pause Young (G1 Evacuation Pause) 694M->695M(730M) 16.292ms
[193.288s][info][gc,cpu        ] GC(45) User=0.04s Sys=0.04s Real=0.02s
[194.922s][info][gc,start      ] GC(46) Pause Initial Mark (G1 Evacuation Pause)
[194.922s][info][gc,task       ] GC(46) Using 8 workers of 8 for evacuation
[194.939s][info][gc,phases     ] GC(46)   Pre Evacuate Collection Set: 0.0ms
[194.939s][info][gc,phases     ] GC(46)   Evacuate Collection Set: 15.7ms
[194.939s][info][gc,phases     ] GC(46)   Post Evacuate Collection Set: 0.2ms
[194.939s][info][gc,phases     ] GC(46)   Other: 0.3ms
[194.939s][info][gc,heap       ] GC(46) Eden regions: 15->0(16)
[194.939s][info][gc,heap       ] GC(46) Survivor regions: 3->3(3)
[194.939s][info][gc,heap       ] GC(46) Old regions: 345->360
[194.939s][info][gc,heap       ] GC(46) Humongous regions: 0->0
[194.939s][info][gc,metaspace  ] GC(46) Metaspace: 10032K->10032K(1058816K)
[194.939s][info][gc            ] GC(46) Pause Initial Mark (G1 Evacuation Pause) 725M->725M(762M) 16.412ms
[194.939s][info][gc,cpu        ] GC(46) User=0.03s Sys=0.06s Real=0.02s
[194.939s][info][gc            ] GC(47) Concurrent Cycle
[194.939s][info][gc,marking    ] GC(47) Concurrent Clear Claimed Marks
[194.939s][info][gc,marking    ] GC(47) Concurrent Clear Claimed Marks 0.019ms
[194.939s][info][gc,marking    ] GC(47) Concurrent Scan Root Regions
[194.940s][info][gc,marking    ] GC(47) Concurrent Scan Root Regions 0.700ms
[194.940s][info][gc,marking    ] GC(47) Concurrent Mark (194.940s)
[194.940s][info][gc,marking    ] GC(47) Concurrent Mark From Roots
[194.940s][info][gc,task       ] GC(47) Using 2 workers of 2 for marking
[194.955s][info][gc,marking    ] GC(47) Concurrent Mark From Roots 15.502ms
[194.955s][info][gc,marking    ] GC(47) Concurrent Mark (194.940s, 194.955s) 15.590ms
[194.955s][info][gc,start      ] GC(47) Pause Remark
[194.959s][info][gc,stringtable] GC(47) Cleaned string and symbol table, strings: 4478 processed, 0 removed, symbols: 35535 processed, 0 removed
[194.959s][info][gc            ] GC(47) Pause Remark 726M->726M(762M) 3.229ms
[194.959s][info][gc,cpu        ] GC(47) User=0.02s Sys=0.00s Real=0.00s
[194.959s][info][gc,marking    ] GC(47) Concurrent Create Live Data
[194.965s][info][gc,marking    ] GC(47) Concurrent Create Live Data 6.069ms
[194.965s][info][gc,start      ] GC(47) Pause Cleanup
[194.966s][info][gc            ] GC(47) Pause Cleanup 726M->726M(762M) 1.413ms
[194.967s][info][gc,cpu        ] GC(47) User=0.01s Sys=0.00s Real=0.00s
[194.967s][info][gc,marking    ] GC(47) Concurrent Cleanup for Next Mark
[194.969s][info][gc,marking    ] GC(47) Concurrent Cleanup for Next Mark 2.676ms
[194.969s][info][gc            ] GC(47) Concurrent Cycle 30.583ms
[196.652s][info][gc,start      ] GC(48) Pause Young (G1 Evacuation Pause)
[196.652s][info][gc,task       ] GC(48) Using 8 workers of 8 for evacuation
[196.676s][info][gc,phases     ] GC(48)   Pre Evacuate Collection Set: 0.1ms
[196.676s][info][gc,phases     ] GC(48)   Evacuate Collection Set: 23.6ms
[196.676s][info][gc,phases     ] GC(48)   Post Evacuate Collection Set: 0.2ms
[196.676s][info][gc,phases     ] GC(48)   Other: 0.4ms
[196.676s][info][gc,heap       ] GC(48) Eden regions: 16->0(16)
[196.676s][info][gc,heap       ] GC(48) Survivor regions: 3->3(3)
[196.676s][info][gc,heap       ] GC(48) Old regions: 360->376
[196.676s][info][gc,heap       ] GC(48) Humongous regions: 0->0
[196.676s][info][gc,metaspace  ] GC(48) Metaspace: 10032K->10032K(1058816K)
[196.676s][info][gc            ] GC(48) Pause Young (G1 Evacuation Pause) 757M->757M(796M) 24.426ms
[196.676s][info][gc,cpu        ] GC(48) User=0.04s Sys=0.05s Real=0.03s
[198.309s][info][gc,start      ] GC(49) Pause Initial Mark (G1 Evacuation Pause)
[198.309s][info][gc,task       ] GC(49) Using 8 workers of 8 for evacuation
[198.323s][info][gc,phases     ] GC(49)   Pre Evacuate Collection Set: 0.0ms
[198.323s][info][gc,phases     ] GC(49)   Evacuate Collection Set: 13.5ms
[198.323s][info][gc,phases     ] GC(49)   Post Evacuate Collection Set: 0.1ms
[198.323s][info][gc,phases     ] GC(49)   Other: 0.3ms
[198.323s][info][gc,heap       ] GC(49) Eden regions: 16->0(17)
[198.323s][info][gc,heap       ] GC(49) Survivor regions: 3->3(3)
[198.323s][info][gc,heap       ] GC(49) Old regions: 376->393
[198.323s][info][gc,heap       ] GC(49) Humongous regions: 0->0
[198.323s][info][gc,metaspace  ] GC(49) Metaspace: 10032K->10032K(1058816K)
[198.323s][info][gc            ] GC(49) Pause Initial Mark (G1 Evacuation Pause) 789M->791M(830M) 14.080ms
[198.323s][info][gc,cpu        ] GC(49) User=0.03s Sys=0.04s Real=0.02s
[198.323s][info][gc            ] GC(50) Concurrent Cycle
[198.323s][info][gc,marking    ] GC(50) Concurrent Clear Claimed Marks
[198.323s][info][gc,marking    ] GC(50) Concurrent Clear Claimed Marks 0.014ms
[198.323s][info][gc,marking    ] GC(50) Concurrent Scan Root Regions
[198.324s][info][gc,marking    ] GC(50) Concurrent Scan Root Regions 0.481ms
[198.324s][info][gc,marking    ] GC(50) Concurrent Mark (198.324s)
[198.324s][info][gc,marking    ] GC(50) Concurrent Mark From Roots
[198.324s][info][gc,task       ] GC(50) Using 2 workers of 2 for marking
[198.344s][info][gc,marking    ] GC(50) Concurrent Mark From Roots 20.022ms
[198.344s][info][gc,marking    ] GC(50) Concurrent Mark (198.324s, 198.344s) 20.127ms
[198.344s][info][gc,start      ] GC(50) Pause Remark
[198.350s][info][gc,stringtable] GC(50) Cleaned string and symbol table, strings: 4478 processed, 0 removed, symbols: 35535 processed, 0 removed
[198.350s][info][gc            ] GC(50) Pause Remark 791M->791M(830M) 6.120ms
[198.350s][info][gc,cpu        ] GC(50) User=0.02s Sys=0.00s Real=0.00s
[198.351s][info][gc,marking    ] GC(50) Concurrent Create Live Data
[198.357s][info][gc,marking    ] GC(50) Concurrent Create Live Data 6.042ms
[198.357s][info][gc,start      ] GC(50) Pause Cleanup
[198.358s][info][gc            ] GC(50) Pause Cleanup 791M->791M(830M) 1.139ms
[198.358s][info][gc,cpu        ] GC(50) User=0.00s Sys=0.00s Real=0.00s
[198.358s][info][gc,marking    ] GC(50) Concurrent Cleanup for Next Mark
[198.360s][info][gc,marking    ] GC(50) Concurrent Cleanup for Next Mark 1.608ms
[198.360s][info][gc            ] GC(50) Concurrent Cycle 36.180ms
[200.062s][info][gc,start      ] GC(51) Pause Young (G1 Evacuation Pause)
[200.062s][info][gc,task       ] GC(51) Using 8 workers of 8 for evacuation
[200.080s][info][gc,phases     ] GC(51)   Pre Evacuate Collection Set: 0.0ms
[200.080s][info][gc,phases     ] GC(51)   Evacuate Collection Set: 18.1ms
[200.080s][info][gc,phases     ] GC(51)   Post Evacuate Collection Set: 0.1ms
[200.080s][info][gc,phases     ] GC(51)   Other: 0.4ms
[200.080s][info][gc,heap       ] GC(51) Eden regions: 17->0(18)
[200.080s][info][gc,heap       ] GC(51) Survivor regions: 3->3(3)
[200.080s][info][gc,heap       ] GC(51) Old regions: 393->411
[200.080s][info][gc,heap       ] GC(51) Humongous regions: 0->0
[200.080s][info][gc,metaspace  ] GC(51) Metaspace: 10032K->10032K(1058816K)
[200.080s][info][gc            ] GC(51) Pause Young (G1 Evacuation Pause) 825M->826M(868M) 18.728ms
[200.080s][info][gc,cpu        ] GC(51) User=0.06s Sys=0.06s Real=0.02s
[201.918s][info][gc,start      ] GC(52) Pause Initial Mark (G1 Evacuation Pause)
[201.918s][info][gc,task       ] GC(52) Using 8 workers of 8 for evacuation
[201.934s][info][gc,phases     ] GC(52)   Pre Evacuate Collection Set: 0.0ms
[201.934s][info][gc,phases     ] GC(52)   Evacuate Collection Set: 15.7ms
[201.934s][info][gc,phases     ] GC(52)   Post Evacuate Collection Set: 0.2ms
[201.934s][info][gc,phases     ] GC(52)   Other: 0.3ms
[201.934s][info][gc,heap       ] GC(52) Eden regions: 18->0(19)
[201.934s][info][gc,heap       ] GC(52) Survivor regions: 3->3(3)
[201.934s][info][gc,heap       ] GC(52) Old regions: 411->429
[201.934s][info][gc,heap       ] GC(52) Humongous regions: 0->0
[201.934s][info][gc,metaspace  ] GC(52) Metaspace: 10032K->10032K(1058816K)
[201.934s][info][gc            ] GC(52) Pause Initial Mark (G1 Evacuation Pause) 862M->863M(906M) 16.359ms
[201.934s][info][gc,cpu        ] GC(52) User=0.02s Sys=0.05s Real=0.02s
[201.934s][info][gc            ] GC(53) Concurrent Cycle
[201.934s][info][gc,marking    ] GC(53) Concurrent Clear Claimed Marks
[201.934s][info][gc,marking    ] GC(53) Concurrent Clear Claimed Marks 0.023ms
[201.934s][info][gc,marking    ] GC(53) Concurrent Scan Root Regions
[201.935s][info][gc,marking    ] GC(53) Concurrent Scan Root Regions 0.594ms
[201.935s][info][gc,marking    ] GC(53) Concurrent Mark (201.935s)
[201.935s][info][gc,marking    ] GC(53) Concurrent Mark From Roots
[201.935s][info][gc,task       ] GC(53) Using 2 workers of 2 for marking
[201.952s][info][gc,marking    ] GC(53) Concurrent Mark From Roots 17.103ms
[201.952s][info][gc,marking    ] GC(53) Concurrent Mark (201.935s, 201.952s) 17.225ms
[201.952s][info][gc,start      ] GC(53) Pause Remark
[201.958s][info][gc,stringtable] GC(53) Cleaned string and symbol table, strings: 4478 processed, 0 removed, symbols: 35535 processed, 0 removed
[201.958s][info][gc            ] GC(53) Pause Remark 864M->864M(906M) 5.782ms
[201.958s][info][gc,cpu        ] GC(53) User=0.02s Sys=0.00s Real=0.01s
[201.958s][info][gc,marking    ] GC(53) Concurrent Create Live Data
[201.965s][info][gc,marking    ] GC(53) Concurrent Create Live Data 6.701ms
[201.965s][info][gc,start      ] GC(53) Pause Cleanup
[201.968s][info][gc            ] GC(53) Pause Cleanup 864M->864M(906M) 2.156ms
[201.968s][info][gc,cpu        ] GC(53) User=0.01s Sys=0.00s Real=0.00s
[201.968s][info][gc,marking    ] GC(53) Concurrent Cleanup for Next Mark
[201.972s][info][gc,marking    ] GC(53) Concurrent Cleanup for Next Mark 4.198ms
[201.972s][info][gc            ] GC(53) Concurrent Cycle 37.991ms
[203.858s][info][gc,start      ] GC(54) Pause Young (G1 Evacuation Pause)
[203.858s][info][gc,task       ] GC(54) Using 8 workers of 8 for evacuation
[203.877s][info][gc,phases     ] GC(54)   Pre Evacuate Collection Set: 0.0ms
[203.877s][info][gc,phases     ] GC(54)   Evacuate Collection Set: 18.0ms
[203.877s][info][gc,phases     ] GC(54)   Post Evacuate Collection Set: 0.2ms
[203.877s][info][gc,phases     ] GC(54)   Other: 0.3ms
[203.877s][info][gc,heap       ] GC(54) Eden regions: 19->0(20)
[203.877s][info][gc,heap       ] GC(54) Survivor regions: 3->3(3)
[203.877s][info][gc,heap       ] GC(54) Old regions: 429->449
[203.877s][info][gc,heap       ] GC(54) Humongous regions: 0->0
[203.877s][info][gc,metaspace  ] GC(54) Metaspace: 10032K->10032K(1058816K)
[203.877s][info][gc            ] GC(54) Pause Young (G1 Evacuation Pause) 901M->902M(948M) 18.669ms
[203.877s][info][gc,cpu        ] GC(54) User=0.05s Sys=0.05s Real=0.02s
[205.900s][info][gc,start      ] GC(55) Pause Initial Mark (G1 Evacuation Pause)
[205.900s][info][gc,task       ] GC(55) Using 8 workers of 8 for evacuation
[205.904s][info][gc,phases     ] GC(55)   Pre Evacuate Collection Set: 0.0ms
[205.904s][info][gc,phases     ] GC(55)   Evacuate Collection Set: 2.9ms
[205.904s][info][gc,phases     ] GC(55)   Post Evacuate Collection Set: 0.3ms
[205.904s][info][gc,phases     ] GC(55)   Other: 0.5ms
[205.904s][info][gc,heap       ] GC(55) Eden regions: 20->0(22)
[205.904s][info][gc,heap       ] GC(55) Survivor regions: 3->1(3)
[205.904s][info][gc,heap       ] GC(55) Old regions: 449->449
[205.904s][info][gc,heap       ] GC(55) Humongous regions: 0->0
[205.904s][info][gc,metaspace  ] GC(55) Metaspace: 10032K->10032K(1058816K)
[205.904s][info][gc            ] GC(55) Pause Initial Mark (G1 Evacuation Pause) 942M->897M(948M) 3.841ms
[205.904s][info][gc,cpu        ] GC(55) User=0.02s Sys=0.00s Real=0.01s
[205.904s][info][gc            ] GC(56) Concurrent Cycle
[205.904s][info][gc,marking    ] GC(56) Concurrent Clear Claimed Marks
[205.904s][info][gc,marking    ] GC(56) Concurrent Clear Claimed Marks 0.023ms
[205.904s][info][gc,marking    ] GC(56) Concurrent Scan Root Regions
[205.905s][info][gc,marking    ] GC(56) Concurrent Scan Root Regions 0.693ms
[205.905s][info][gc,marking    ] GC(56) Concurrent Mark (205.905s)
[205.905s][info][gc,marking    ] GC(56) Concurrent Mark From Roots
[205.905s][info][gc,task       ] GC(56) Using 2 workers of 2 for marking
[205.921s][info][gc,marking    ] GC(56) Concurrent Mark From Roots 15.754ms
[205.921s][info][gc,marking    ] GC(56) Concurrent Mark (205.905s, 205.921s) 15.825ms
[205.921s][info][gc,start      ] GC(56) Pause Remark
[205.924s][info][gc,stringtable] GC(56) Cleaned string and symbol table, strings: 4478 processed, 0 removed, symbols: 35535 processed, 0 removed
[205.924s][info][gc            ] GC(56) Pause Remark 898M->898M(948M) 3.685ms
[205.924s][info][gc,cpu        ] GC(56) User=0.02s Sys=0.00s Real=0.01s
[205.925s][info][gc,marking    ] GC(56) Concurrent Create Live Data
[205.929s][info][gc,marking    ] GC(56) Concurrent Create Live Data 4.597ms
[205.929s][info][gc,start      ] GC(56) Pause Cleanup
[205.932s][info][gc            ] GC(56) Pause Cleanup 898M->232M(948M) 2.319ms
[205.932s][info][gc,cpu        ] GC(56) User=0.01s Sys=0.00s Real=0.00s
[205.932s][info][gc,marking    ] GC(56) Concurrent Complete Cleanup
[205.934s][info][gc,marking    ] GC(56) Concurrent Complete Cleanup 2.138ms
[205.935s][info][gc,marking    ] GC(56) Concurrent Cleanup for Next Mark
[205.938s][info][gc,marking    ] GC(56) Concurrent Cleanup for Next Mark 3.152ms
[205.938s][info][gc            ] GC(56) Concurrent Cycle 33.715ms
[208.153s][info][gc,start      ] GC(57) Pause Young (G1 Evacuation Pause)
[208.153s][info][gc,task       ] GC(57) Using 8 workers of 8 for evacuation
[208.163s][info][gc,phases     ] GC(57)   Pre Evacuate Collection Set: 0.0ms
[208.163s][info][gc,phases     ] GC(57)   Evacuate Collection Set: 9.9ms
[208.163s][info][gc,phases     ] GC(57)   Post Evacuate Collection Set: 0.3ms
[208.163s][info][gc,phases     ] GC(57)   Other: 0.3ms
[208.163s][info][gc,heap       ] GC(57) Eden regions: 22->0(20)
[208.163s][info][gc,heap       ] GC(57) Survivor regions: 1->3(3)
[208.163s][info][gc,heap       ] GC(57) Old regions: 116->135
[208.163s][info][gc,heap       ] GC(57) Humongous regions: 0->0
[208.163s][info][gc,metaspace  ] GC(57) Metaspace: 10032K->10032K(1058816K)
[208.163s][info][gc            ] GC(57) Pause Young (G1 Evacuation Pause) 275M->275M(948M) 10.691ms
[208.163s][info][gc,cpu        ] GC(57) User=0.07s Sys=0.01s Real=0.02s
[210.198s][info][gc,start      ] GC(58) Pause Mixed (G1 Evacuation Pause)
[210.198s][info][gc,task       ] GC(58) Using 8 workers of 8 for evacuation
[210.221s][info][gc,phases     ] GC(58)   Pre Evacuate Collection Set: 0.1ms
[210.221s][info][gc,phases     ] GC(58)   Evacuate Collection Set: 22.2ms
[210.221s][info][gc,phases     ] GC(58)   Post Evacuate Collection Set: 0.7ms
[210.221s][info][gc,phases     ] GC(58)   Other: 0.3ms
[210.221s][info][gc,heap       ] GC(58) Eden regions: 20->0(20)
[210.221s][info][gc,heap       ] GC(58) Survivor regions: 3->3(3)
[210.221s][info][gc,heap       ] GC(58) Old regions: 135->107
[210.221s][info][gc,heap       ] GC(58) Humongous regions: 0->0
[210.221s][info][gc,metaspace  ] GC(58) Metaspace: 10032K->10032K(1058816K)
[210.221s][info][gc            ] GC(58) Pause Mixed (G1 Evacuation Pause) 315M->219M(948M) 23.359ms
[210.221s][info][gc,cpu        ] GC(58) User=0.15s Sys=0.00s Real=0.02s
[212.242s][info][gc,start      ] GC(59) Pause Mixed (G1 Evacuation Pause)
[212.242s][info][gc,task       ] GC(59) Using 8 workers of 8 for evacuation
[212.257s][info][gc,phases     ] GC(59)   Pre Evacuate Collection Set: 0.1ms
[212.257s][info][gc,phases     ] GC(59)   Evacuate Collection Set: 13.5ms
[212.257s][info][gc,phases     ] GC(59)   Post Evacuate Collection Set: 0.8ms
[212.257s][info][gc,phases     ] GC(59)   Other: 0.2ms
[212.257s][info][gc,heap       ] GC(59) Eden regions: 20->0(117)
[212.257s][info][gc,heap       ] GC(59) Survivor regions: 3->3(3)
[212.257s][info][gc,heap       ] GC(59) Old regions: 107->97
[212.257s][info][gc,heap       ] GC(59) Humongous regions: 0->0
[212.257s][info][gc,metaspace  ] GC(59) Metaspace: 10032K->10032K(1058816K)
[212.257s][info][gc            ] GC(59) Pause Mixed (G1 Evacuation Pause) 259M->198M(948M) 14.778ms
[212.257s][info][gc,cpu        ] GC(59) User=0.08s Sys=0.00s Real=0.02s
[223.331s][info][gc,start      ] GC(60) Pause Young (G1 Evacuation Pause)
[223.331s][info][gc,task       ] GC(60) Using 8 workers of 8 for evacuation
[223.404s][info][gc,phases     ] GC(60)   Pre Evacuate Collection Set: 0.1ms
[223.404s][info][gc,phases     ] GC(60)   Evacuate Collection Set: 72.0ms
[223.405s][info][gc,phases     ] GC(60)   Post Evacuate Collection Set: 0.9ms
[223.405s][info][gc,phases     ] GC(60)   Other: 0.4ms
[223.405s][info][gc,heap       ] GC(60) Eden regions: 117->0(69)
[223.405s][info][gc,heap       ] GC(60) Survivor regions: 3->15(15)
[223.405s][info][gc,heap       ] GC(60) Old regions: 97->205
[223.405s][info][gc,heap       ] GC(60) Humongous regions: 0->0
[223.405s][info][gc,metaspace  ] GC(60) Metaspace: 10032K->10032K(1058816K)
[223.405s][info][gc            ] GC(60) Pause Young (G1 Evacuation Pause) 432M->439M(948M) 73.629ms
[223.405s][info][gc,cpu        ] GC(60) User=0.42s Sys=0.01s Real=0.08s
[229.710s][info][gc,start      ] GC(61) Pause Young (G1 Evacuation Pause)
[229.710s][info][gc,task       ] GC(61) Using 8 workers of 8 for evacuation
[229.756s][info][gc,phases     ] GC(61)   Pre Evacuate Collection Set: 0.0ms
[229.756s][info][gc,phases     ] GC(61)   Evacuate Collection Set: 45.3ms
[229.756s][info][gc,phases     ] GC(61)   Post Evacuate Collection Set: 0.6ms
[229.756s][info][gc,phases     ] GC(61)   Other: 0.5ms
[229.756s][info][gc,heap       ] GC(61) Eden regions: 69->0(44)
[229.756s][info][gc,heap       ] GC(61) Survivor regions: 15->11(11)
[229.756s][info][gc,heap       ] GC(61) Old regions: 205->278
[229.756s][info][gc,heap       ] GC(61) Humongous regions: 0->0
[229.756s][info][gc,metaspace  ] GC(61) Metaspace: 10032K->10032K(1058816K)
[229.756s][info][gc            ] GC(61) Pause Young (G1 Evacuation Pause) 577M->576M(948M) 46.748ms
[229.756s][info][gc,cpu        ] GC(61) User=0.27s Sys=0.01s Real=0.05s
[233.772s][info][gc,start      ] GC(62) Pause Young (G1 Evacuation Pause)
[233.772s][info][gc,task       ] GC(62) Using 8 workers of 8 for evacuation
[233.796s][info][gc,phases     ] GC(62)   Pre Evacuate Collection Set: 0.0ms
[233.796s][info][gc,phases     ] GC(62)   Evacuate Collection Set: 22.7ms
[233.796s][info][gc,phases     ] GC(62)   Post Evacuate Collection Set: 0.4ms
[233.796s][info][gc,phases     ] GC(62)   Other: 0.3ms
[233.796s][info][gc,heap       ] GC(62) Eden regions: 44->0(29)
[233.796s][info][gc,heap       ] GC(62) Survivor regions: 11->7(7)
[233.796s][info][gc,heap       ] GC(62) Old regions: 278->326
[233.796s][info][gc,heap       ] GC(62) Humongous regions: 0->0
[233.796s][info][gc,metaspace  ] GC(62) Metaspace: 10032K->10032K(1058816K)
[233.796s][info][gc            ] GC(62) Pause Young (G1 Evacuation Pause) 664M->664M(948M) 23.583ms
[233.796s][info][gc,cpu        ] GC(62) User=0.16s Sys=0.00s Real=0.03s
[236.429s][info][gc,start      ] GC(63) Pause Young (G1 Evacuation Pause)
[236.429s][info][gc,task       ] GC(63) Using 8 workers of 8 for evacuation
[236.473s][info][gc,phases     ] GC(63)   Pre Evacuate Collection Set: 0.1ms
[236.474s][info][gc,phases     ] GC(63)   Evacuate Collection Set: 43.8ms
[236.474s][info][gc,phases     ] GC(63)   Post Evacuate Collection Set: 0.4ms
[236.474s][info][gc,phases     ] GC(63)   Other: 0.4ms
[236.474s][info][gc,heap       ] GC(63) Eden regions: 29->0(20)
[236.474s][info][gc,heap       ] GC(63) Survivor regions: 7->5(5)
[236.474s][info][gc,heap       ] GC(63) Old regions: 326->356
[236.474s][info][gc,heap       ] GC(63) Humongous regions: 0->0
[236.474s][info][gc,metaspace  ] GC(63) Metaspace: 10032K->10032K(1058816K)
[236.474s][info][gc            ] GC(63) Pause Young (G1 Evacuation Pause) 722M->721M(948M) 44.790ms
[236.474s][info][gc,cpu        ] GC(63) User=0.28s Sys=0.01s Real=0.05s
[238.294s][info][gc,start      ] GC(64) Pause Young (G1 Evacuation Pause)
[238.294s][info][gc,task       ] GC(64) Using 8 workers of 8 for evacuation
[238.306s][info][gc,phases     ] GC(64)   Pre Evacuate Collection Set: 0.0ms
[238.306s][info][gc,phases     ] GC(64)   Evacuate Collection Set: 10.6ms
[238.306s][info][gc,phases     ] GC(64)   Post Evacuate Collection Set: 0.4ms
[238.306s][info][gc,phases     ] GC(64)   Other: 0.3ms
[238.306s][info][gc,heap       ] GC(64) Eden regions: 20->0(19)
[238.306s][info][gc,heap       ] GC(64) Survivor regions: 5->4(4)
[238.306s][info][gc,heap       ] GC(64) Old regions: 356->378
[238.306s][info][gc,heap       ] GC(64) Humongous regions: 0->0
[238.306s][info][gc,metaspace  ] GC(64) Metaspace: 10032K->10032K(1058816K)
[238.306s][info][gc            ] GC(64) Pause Young (G1 Evacuation Pause) 761M->762M(948M) 11.578ms
[238.306s][info][gc,cpu        ] GC(64) User=0.08s Sys=0.00s Real=0.01s
[240.001s][info][gc,start      ] GC(65) Pause Young (G1 Evacuation Pause)
[240.001s][info][gc,task       ] GC(65) Using 8 workers of 8 for evacuation
[240.021s][info][gc,phases     ] GC(65)   Pre Evacuate Collection Set: 0.1ms
[240.021s][info][gc,phases     ] GC(65)   Evacuate Collection Set: 19.1ms
[240.021s][info][gc,phases     ] GC(65)   Post Evacuate Collection Set: 0.2ms
[240.021s][info][gc,phases     ] GC(65)   Other: 0.3ms
[240.021s][info][gc,heap       ] GC(65) Eden regions: 19->0(20)
[240.021s][info][gc,heap       ] GC(65) Survivor regions: 4->3(3)
[240.021s][info][gc,heap       ] GC(65) Old regions: 378->398
[240.021s][info][gc,heap       ] GC(65) Humongous regions: 0->0
[240.021s][info][gc,metaspace  ] GC(65) Metaspace: 10032K->10032K(1058816K)
[240.021s][info][gc            ] GC(65) Pause Young (G1 Evacuation Pause) 800M->800M(948M) 19.847ms
[240.021s][info][gc,cpu        ] GC(65) User=0.13s Sys=0.00s Real=0.02s
[241.655s][info][gc,start      ] GC(66) Pause Young (G1 Evacuation Pause)
[241.656s][info][gc,task       ] GC(66) Using 8 workers of 8 for evacuation
[241.666s][info][gc,phases     ] GC(66)   Pre Evacuate Collection Set: 0.0ms
[241.666s][info][gc,phases     ] GC(66)   Evacuate Collection Set: 9.6ms
[241.666s][info][gc,phases     ] GC(66)   Post Evacuate Collection Set: 0.3ms
[241.666s][info][gc,phases     ] GC(66)   Other: 0.3ms
[241.666s][info][gc,heap       ] GC(66) Eden regions: 20->0(20)
[241.666s][info][gc,heap       ] GC(66) Survivor regions: 3->3(3)
[241.666s][info][gc,heap       ] GC(66) Old regions: 398->418
[241.666s][info][gc,heap       ] GC(66) Humongous regions: 0->0
[241.666s][info][gc,metaspace  ] GC(66) Metaspace: 10032K->10032K(1058816K)
[241.666s][info][gc            ] GC(66) Pause Young (G1 Evacuation Pause) 840M->840M(948M) 10.398ms
[241.666s][info][gc,cpu        ] GC(66) User=0.06s Sys=0.00s Real=0.01s
[243.298s][info][gc,start      ] GC(67) Pause Young (G1 Evacuation Pause)
[243.298s][info][gc,task       ] GC(67) Using 8 workers of 8 for evacuation
[243.319s][info][gc,phases     ] GC(67)   Pre Evacuate Collection Set: 0.0ms
[243.319s][info][gc,phases     ] GC(67)   Evacuate Collection Set: 20.4ms
[243.319s][info][gc,phases     ] GC(67)   Post Evacuate Collection Set: 0.2ms
[243.319s][info][gc,phases     ] GC(67)   Other: 0.3ms
[243.319s][info][gc,heap       ] GC(67) Eden regions: 20->0(20)
[243.319s][info][gc,heap       ] GC(67) Survivor regions: 3->3(3)
[243.319s][info][gc,heap       ] GC(67) Old regions: 418->438
[243.319s][info][gc,heap       ] GC(67) Humongous regions: 0->0
[243.319s][info][gc,metaspace  ] GC(67) Metaspace: 10032K->10032K(1058816K)
[243.320s][info][gc            ] GC(67) Pause Young (G1 Evacuation Pause) 880M->880M(948M) 21.114ms
[243.320s][info][gc,cpu        ] GC(67) User=0.12s Sys=0.00s Real=0.02s
[244.955s][info][gc,start      ] GC(68) Pause Initial Mark (G1 Evacuation Pause)
[244.955s][info][gc,task       ] GC(68) Using 8 workers of 8 for evacuation
[244.973s][info][gc,phases     ] GC(68)   Pre Evacuate Collection Set: 0.0ms
[244.973s][info][gc,phases     ] GC(68)   Evacuate Collection Set: 17.9ms
[244.973s][info][gc,phases     ] GC(68)   Post Evacuate Collection Set: 0.2ms
[244.973s][info][gc,phases     ] GC(68)   Other: 0.4ms
[244.973s][info][gc,heap       ] GC(68) Eden regions: 20->0(21)
[244.973s][info][gc,heap       ] GC(68) Survivor regions: 3->3(3)
[244.973s][info][gc,heap       ] GC(68) Old regions: 438->459
[244.973s][info][gc,heap       ] GC(68) Humongous regions: 0->0
[244.973s][info][gc,metaspace  ] GC(68) Metaspace: 10032K->10032K(1058816K)
[244.973s][info][gc            ] GC(68) Pause Initial Mark (G1 Evacuation Pause) 920M->923M(970M) 18.620ms
[244.973s][info][gc,cpu        ] GC(68) User=0.08s Sys=0.03s Real=0.02s
[244.973s][info][gc            ] GC(69) Concurrent Cycle
[244.973s][info][gc,marking    ] GC(69) Concurrent Clear Claimed Marks
[244.973s][info][gc,marking    ] GC(69) Concurrent Clear Claimed Marks 0.026ms
[244.973s][info][gc,marking    ] GC(69) Concurrent Scan Root Regions
[244.974s][info][gc,marking    ] GC(69) Concurrent Scan Root Regions 0.558ms
[244.974s][info][gc,marking    ] GC(69) Concurrent Mark (244.974s)
[244.974s][info][gc,marking    ] GC(69) Concurrent Mark From Roots
[244.974s][info][gc,task       ] GC(69) Using 2 workers of 2 for marking
[244.992s][info][gc,marking    ] GC(69) Concurrent Mark From Roots 17.601ms
[244.992s][info][gc,marking    ] GC(69) Concurrent Mark (244.974s, 244.992s) 17.765ms
[244.992s][info][gc,start      ] GC(69) Pause Remark
[244.999s][info][gc,stringtable] GC(69) Cleaned string and symbol table, strings: 4478 processed, 0 removed, symbols: 35535 processed, 0 removed
[244.999s][info][gc            ] GC(69) Pause Remark 924M->924M(970M) 6.883ms
[244.999s][info][gc,cpu        ] GC(69) User=0.03s Sys=0.00s Real=0.01s
[244.999s][info][gc,marking    ] GC(69) Concurrent Create Live Data
[245.005s][info][gc,marking    ] GC(69) Concurrent Create Live Data 5.536ms
[245.005s][info][gc,start      ] GC(69) Pause Cleanup
[245.006s][info][gc            ] GC(69) Pause Cleanup 924M->924M(970M) 1.301ms
[245.006s][info][gc,cpu        ] GC(69) User=0.00s Sys=0.00s Real=0.00s
[245.006s][info][gc,marking    ] GC(69) Concurrent Cleanup for Next Mark
[245.009s][info][gc,marking    ] GC(69) Concurrent Cleanup for Next Mark 2.542ms
[245.009s][info][gc            ] GC(69) Concurrent Cycle 35.513ms
[246.695s][info][gc,start      ] GC(70) Pause Young (G1 Evacuation Pause)
[246.695s][info][gc,task       ] GC(70) Using 8 workers of 8 for evacuation
[246.714s][info][gc,phases     ] GC(70)   Pre Evacuate Collection Set: 0.0ms
[246.714s][info][gc,phases     ] GC(70)   Evacuate Collection Set: 19.0ms
[246.714s][info][gc,phases     ] GC(70)   Post Evacuate Collection Set: 0.2ms
[246.714s][info][gc,phases     ] GC(70)   Other: 0.2ms
[246.714s][info][gc,heap       ] GC(70) Eden regions: 21->0(22)
[246.714s][info][gc,heap       ] GC(70) Survivor regions: 3->3(3)
[246.714s][info][gc,heap       ] GC(70) Old regions: 459->481
[246.714s][info][gc,heap       ] GC(70) Humongous regions: 0->0
[246.714s][info][gc,metaspace  ] GC(70) Metaspace: 10032K->10032K(1058816K)
[246.714s][info][gc            ] GC(70) Pause Young (G1 Evacuation Pause) 965M->966M(1016M) 19.590ms
[246.714s][info][gc,cpu        ] GC(70) User=0.03s Sys=0.07s Real=0.02s
[248.513s][info][gc,start      ] GC(71) Pause Mixed (G1 Evacuation Pause)
[248.513s][info][gc,task       ] GC(71) Using 8 workers of 8 for evacuation
[248.534s][info][gc,phases     ] GC(71)   Pre Evacuate Collection Set: 0.0ms
[248.534s][info][gc,phases     ] GC(71)   Evacuate Collection Set: 20.3ms
[248.534s][info][gc,phases     ] GC(71)   Post Evacuate Collection Set: 0.4ms
[248.534s][info][gc,phases     ] GC(71)   Other: 0.3ms
[248.534s][info][gc,heap       ] GC(71) Eden regions: 22->0(22)
[248.534s][info][gc,heap       ] GC(71) Survivor regions: 3->4(4)
[248.534s][info][gc,heap       ] GC(71) Old regions: 481->501
[248.534s][info][gc,heap       ] GC(71) Humongous regions: 0->0
[248.534s][info][gc,metaspace  ] GC(71) Metaspace: 10032K->10032K(1058816K)
[248.534s][info][gc            ] GC(71) Pause Mixed (G1 Evacuation Pause) 1010M->1009M(1062M) 21.079ms
[248.534s][info][gc,cpu        ] GC(71) User=0.03s Sys=0.07s Real=0.02s
[250.332s][info][gc,start      ] GC(72) Pause Young (G1 Evacuation Pause)
[250.332s][info][gc,task       ] GC(72) Using 8 workers of 8 for evacuation
[250.353s][info][gc,phases     ] GC(72)   Pre Evacuate Collection Set: 0.0ms
[250.353s][info][gc,phases     ] GC(72)   Evacuate Collection Set: 20.9ms
[250.353s][info][gc,phases     ] GC(72)   Post Evacuate Collection Set: 0.2ms
[250.353s][info][gc,phases     ] GC(72)   Other: 0.3ms
[250.353s][info][gc,heap       ] GC(72) Eden regions: 22->0(23)
[250.353s][info][gc,heap       ] GC(72) Survivor regions: 4->4(4)
[250.353s][info][gc,heap       ] GC(72) Old regions: 501->524
[250.353s][info][gc,heap       ] GC(72) Humongous regions: 0->0
[250.353s][info][gc,metaspace  ] GC(72) Metaspace: 10032K->10032K(1058816K)
[250.353s][info][gc            ] GC(72) Pause Young (G1 Evacuation Pause) 1053M->1054M(1108M) 21.571ms
[250.353s][info][gc,cpu        ] GC(72) User=0.05s Sys=0.06s Real=0.03s
[252.212s][info][gc,start      ] GC(73) Pause Young (G1 Evacuation Pause)
[252.212s][info][gc,task       ] GC(73) Using 8 workers of 8 for evacuation
[252.234s][info][gc,phases     ] GC(73)   Pre Evacuate Collection Set: 0.0ms
[252.234s][info][gc,phases     ] GC(73)   Evacuate Collection Set: 21.2ms
[252.234s][info][gc,phases     ] GC(73)   Post Evacuate Collection Set: 0.2ms
[252.234s][info][gc,phases     ] GC(73)   Other: 0.3ms
[252.234s][info][gc,heap       ] GC(73) Eden regions: 23->0(24)
[252.234s][info][gc,heap       ] GC(73) Survivor regions: 4->4(4)
[252.234s][info][gc,heap       ] GC(73) Old regions: 524->547
[252.234s][info][gc,heap       ] GC(73) Humongous regions: 0->0
[252.234s][info][gc,metaspace  ] GC(73) Metaspace: 10032K->10032K(1058816K)
[252.234s][info][gc            ] GC(73) Pause Young (G1 Evacuation Pause) 1100M->1101M(1156M) 21.966ms
[252.234s][info][gc,cpu        ] GC(73) User=0.05s Sys=0.07s Real=0.03s
[254.183s][info][gc,start      ] GC(74) Pause Initial Mark (G1 Evacuation Pause)
[254.183s][info][gc,task       ] GC(74) Using 8 workers of 8 for evacuation
[254.208s][info][gc,phases     ] GC(74)   Pre Evacuate Collection Set: 0.1ms
[254.209s][info][gc,phases     ] GC(74)   Evacuate Collection Set: 25.0ms
[254.209s][info][gc,phases     ] GC(74)   Post Evacuate Collection Set: 0.2ms
[254.209s][info][gc,phases     ] GC(74)   Other: 0.5ms
[254.209s][info][gc,heap       ] GC(74) Eden regions: 24->0(26)
[254.209s][info][gc,heap       ] GC(74) Survivor regions: 4->4(4)
[254.209s][info][gc,heap       ] GC(74) Old regions: 547->571
[254.209s][info][gc,heap       ] GC(74) Humongous regions: 0->0
[254.209s][info][gc,metaspace  ] GC(74) Metaspace: 10032K->10032K(1058816K)
[254.209s][info][gc            ] GC(74) Pause Initial Mark (G1 Evacuation Pause) 1149M->1149M(1206M) 25.879ms
[254.209s][info][gc,cpu        ] GC(74) User=0.07s Sys=0.08s Real=0.02s
[254.209s][info][gc            ] GC(75) Concurrent Cycle
[254.209s][info][gc,marking    ] GC(75) Concurrent Clear Claimed Marks
[254.209s][info][gc,marking    ] GC(75) Concurrent Clear Claimed Marks 0.021ms
[254.209s][info][gc,marking    ] GC(75) Concurrent Scan Root Regions
[254.210s][info][gc,marking    ] GC(75) Concurrent Scan Root Regions 0.999ms
[254.210s][info][gc,marking    ] GC(75) Concurrent Mark (254.210s)
[254.210s][info][gc,marking    ] GC(75) Concurrent Mark From Roots
[254.210s][info][gc,task       ] GC(75) Using 2 workers of 2 for marking
[254.236s][info][gc,marking    ] GC(75) Concurrent Mark From Roots 25.881ms
[254.236s][info][gc,marking    ] GC(75) Concurrent Mark (254.210s, 254.236s) 25.965ms
[254.236s][info][gc,start      ] GC(75) Pause Remark
[254.241s][info][gc,stringtable] GC(75) Cleaned string and symbol table, strings: 4478 processed, 0 removed, symbols: 35535 processed, 0 removed
[254.241s][info][gc            ] GC(75) Pause Remark 1150M->1150M(1206M) 5.195ms
[254.241s][info][gc,cpu        ] GC(75) User=0.03s Sys=0.00s Real=0.00s
[254.241s][info][gc,marking    ] GC(75) Concurrent Create Live Data
[254.246s][info][gc,marking    ] GC(75) Concurrent Create Live Data 4.563ms
[254.246s][info][gc,start      ] GC(75) Pause Cleanup
[254.247s][info][gc            ] GC(75) Pause Cleanup 1150M->1150M(1206M) 1.210ms
[254.247s][info][gc,cpu        ] GC(75) User=0.01s Sys=0.00s Real=0.00s
[254.247s][info][gc,marking    ] GC(75) Concurrent Cleanup for Next Mark
[254.250s][info][gc,marking    ] GC(75) Concurrent Cleanup for Next Mark 2.607ms
[254.250s][info][gc            ] GC(75) Concurrent Cycle 41.314ms
[256.338s][info][gc,start      ] GC(76) Pause Young (G1 Evacuation Pause)
[256.339s][info][gc,task       ] GC(76) Using 8 workers of 8 for evacuation
[256.376s][info][gc,phases     ] GC(76)   Pre Evacuate Collection Set: 0.1ms
[256.376s][info][gc,phases     ] GC(76)   Evacuate Collection Set: 36.6ms
[256.376s][info][gc,phases     ] GC(76)   Post Evacuate Collection Set: 0.2ms
[256.376s][info][gc,phases     ] GC(76)   Other: 0.3ms
[256.376s][info][gc,heap       ] GC(76) Eden regions: 26->0(27)
[256.376s][info][gc,heap       ] GC(76) Survivor regions: 4->4(4)
[256.376s][info][gc,heap       ] GC(76) Old regions: 571->598
[256.376s][info][gc,heap       ] GC(76) Humongous regions: 0->0
[256.376s][info][gc,metaspace  ] GC(76) Metaspace: 10032K->10032K(1058816K)
[256.376s][info][gc            ] GC(76) Pause Young (G1 Evacuation Pause) 1201M->1202M(1264M) 37.273ms
[256.376s][info][gc,cpu        ] GC(76) User=0.08s Sys=0.08s Real=0.04s
[258.584s][info][gc,start      ] GC(77) Pause Initial Mark (G1 Evacuation Pause)
[258.584s][info][gc,task       ] GC(77) Using 8 workers of 8 for evacuation
[258.600s][info][gc,phases     ] GC(77)   Pre Evacuate Collection Set: 0.0ms
[258.600s][info][gc,phases     ] GC(77)   Evacuate Collection Set: 15.3ms
[258.600s][info][gc,phases     ] GC(77)   Post Evacuate Collection Set: 0.2ms
[258.600s][info][gc,phases     ] GC(77)   Other: 0.4ms
[258.600s][info][gc,heap       ] GC(77) Eden regions: 27->0(28)
[258.600s][info][gc,heap       ] GC(77) Survivor regions: 4->4(4)
[258.600s][info][gc,heap       ] GC(77) Old regions: 598->608
[258.600s][info][gc,heap       ] GC(77) Humongous regions: 0->0
[258.600s][info][gc,metaspace  ] GC(77) Metaspace: 10032K->10032K(1058816K)
[258.600s][info][gc            ] GC(77) Pause Initial Mark (G1 Evacuation Pause) 1256M->1223M(1286M) 16.135ms
[258.600s][info][gc,cpu        ] GC(77) User=0.05s Sys=0.03s Real=0.01s
[258.600s][info][gc            ] GC(78) Concurrent Cycle
[258.600s][info][gc,marking    ] GC(78) Concurrent Clear Claimed Marks
[258.600s][info][gc,marking    ] GC(78) Concurrent Clear Claimed Marks 0.021ms
[258.601s][info][gc,marking    ] GC(78) Concurrent Scan Root Regions
[258.601s][info][gc,marking    ] GC(78) Concurrent Scan Root Regions 0.343ms
[258.601s][info][gc,marking    ] GC(78) Concurrent Mark (258.601s)
[258.601s][info][gc,marking    ] GC(78) Concurrent Mark From Roots
[258.601s][info][gc,task       ] GC(78) Using 2 workers of 2 for marking
[258.624s][info][gc,marking    ] GC(78) Concurrent Mark From Roots 23.290ms
[258.624s][info][gc,marking    ] GC(78) Concurrent Mark (258.601s, 258.624s) 23.433ms
[258.625s][info][gc,start      ] GC(78) Pause Remark
[258.635s][info][gc,stringtable] GC(78) Cleaned string and symbol table, strings: 4478 processed, 0 removed, symbols: 35535 processed, 0 removed
[258.635s][info][gc            ] GC(78) Pause Remark 1225M->1225M(1286M) 10.210ms
[258.635s][info][gc,cpu        ] GC(78) User=0.05s Sys=0.00s Real=0.01s
[258.635s][info][gc,marking    ] GC(78) Concurrent Create Live Data
[258.643s][info][gc,marking    ] GC(78) Concurrent Create Live Data 8.470ms
[258.643s][info][gc,start      ] GC(78) Pause Cleanup
[258.646s][info][gc            ] GC(78) Pause Cleanup 1225M->259M(1286M) 2.370ms
[258.646s][info][gc,cpu        ] GC(78) User=0.01s Sys=0.00s Real=0.00s
[258.646s][info][gc,marking    ] GC(78) Concurrent Complete Cleanup
[258.648s][info][gc,marking    ] GC(78) Concurrent Complete Cleanup 1.585ms
[258.648s][info][gc,marking    ] GC(78) Concurrent Cleanup for Next Mark
[258.650s][info][gc,marking    ] GC(78) Concurrent Cleanup for Next Mark 2.721ms
[258.650s][info][gc            ] GC(78) Concurrent Cycle 50.063ms
[260.896s][info][gc,start      ] GC(79) Pause Young (G1 Evacuation Pause)
[260.896s][info][gc,task       ] GC(79) Using 8 workers of 8 for evacuation
[260.911s][info][gc,phases     ] GC(79)   Pre Evacuate Collection Set: 0.1ms
[260.911s][info][gc,phases     ] GC(79)   Evacuate Collection Set: 13.9ms
[260.911s][info][gc,phases     ] GC(79)   Post Evacuate Collection Set: 0.4ms
[260.911s][info][gc,phases     ] GC(79)   Other: 0.4ms
[260.911s][info][gc,heap       ] GC(79) Eden regions: 28->0(28)
[260.911s][info][gc,heap       ] GC(79) Survivor regions: 4->4(4)
[260.911s][info][gc,heap       ] GC(79) Old regions: 125->153
[260.911s][info][gc,heap       ] GC(79) Humongous regions: 0->0
[260.911s][info][gc,metaspace  ] GC(79) Metaspace: 10032K->10032K(1058816K)
[260.911s][info][gc            ] GC(79) Pause Young (G1 Evacuation Pause) 313M->313M(1286M) 14.990ms
[260.911s][info][gc,cpu        ] GC(79) User=0.09s Sys=0.00s Real=0.01s
[263.203s][info][gc,start      ] GC(80) Pause Mixed (G1 Evacuation Pause)
[263.203s][info][gc,task       ] GC(80) Using 8 workers of 8 for evacuation
[263.223s][info][gc,phases     ] GC(80)   Pre Evacuate Collection Set: 0.2ms
[263.223s][info][gc,phases     ] GC(80)   Evacuate Collection Set: 18.9ms
[263.223s][info][gc,phases     ] GC(80)   Post Evacuate Collection Set: 0.7ms
[263.223s][info][gc,phases     ] GC(80)   Other: 0.3ms
[263.223s][info][gc,heap       ] GC(80) Eden regions: 28->0(28)
[263.223s][info][gc,heap       ] GC(80) Survivor regions: 4->4(4)
[263.223s][info][gc,heap       ] GC(80) Old regions: 153->117
[263.223s][info][gc,heap       ] GC(80) Humongous regions: 0->0
[263.223s][info][gc,metaspace  ] GC(80) Metaspace: 10032K->10032K(1058816K)
[263.223s][info][gc            ] GC(80) Pause Mixed (G1 Evacuation Pause) 369M->240M(1286M) 20.225ms
[263.223s][info][gc,cpu        ] GC(80) User=0.13s Sys=0.01s Real=0.03s
[265.517s][info][gc,start      ] GC(81) Pause Mixed (G1 Evacuation Pause)
[265.517s][info][gc,task       ] GC(81) Using 8 workers of 8 for evacuation
[265.542s][info][gc,phases     ] GC(81)   Pre Evacuate Collection Set: 0.1ms
[265.542s][info][gc,phases     ] GC(81)   Evacuate Collection Set: 24.5ms
[265.542s][info][gc,phases     ] GC(81)   Post Evacuate Collection Set: 0.6ms
[265.542s][info][gc,phases     ] GC(81)   Other: 0.3ms
[265.542s][info][gc,heap       ] GC(81) Eden regions: 28->0(147)
[265.542s][info][gc,heap       ] GC(81) Survivor regions: 4->4(4)
[265.542s][info][gc,heap       ] GC(81) Old regions: 117->140
[265.542s][info][gc,heap       ] GC(81) Humongous regions: 0->0
[265.542s][info][gc,metaspace  ] GC(81) Metaspace: 10032K->10032K(1058816K)
[265.542s][info][gc            ] GC(81) Pause Mixed (G1 Evacuation Pause) 296M->286M(1286M) 25.577ms
[265.542s][info][gc,cpu        ] GC(81) User=0.17s Sys=0.00s Real=0.02s
[276.563s][info][gc,start      ] GC(82) Pause Young (G1 Evacuation Pause)
[276.563s][info][gc,task       ] GC(82) Using 8 workers of 8 for evacuation
[276.667s][info][gc,phases     ] GC(82)   Pre Evacuate Collection Set: 0.0ms
[276.667s][info][gc,phases     ] GC(82)   Evacuate Collection Set: 103.4ms
[276.667s][info][gc,phases     ] GC(82)   Post Evacuate Collection Set: 0.3ms
[276.668s][info][gc,phases     ] GC(82)   Other: 0.4ms
[276.668s][info][gc,heap       ] GC(82) Eden regions: 147->0(93)
[276.668s][info][gc,heap       ] GC(82) Survivor regions: 4->19(19)
[276.668s][info][gc,heap       ] GC(82) Old regions: 140->278
[276.668s][info][gc,heap       ] GC(82) Humongous regions: 0->0
[276.668s][info][gc,metaspace  ] GC(82) Metaspace: 10032K->10032K(1058816K)
[276.668s][info][gc            ] GC(82) Pause Young (G1 Evacuation Pause) 580M->592M(1286M) 104.733ms
[276.668s][info][gc,cpu        ] GC(82) User=0.60s Sys=0.00s Real=0.10s
[283.283s][info][gc,start      ] GC(83) Pause Young (G1 Evacuation Pause)
[283.283s][info][gc,task       ] GC(83) Using 8 workers of 8 for evacuation
[283.347s][info][gc,phases     ] GC(83)   Pre Evacuate Collection Set: 0.0ms
[283.347s][info][gc,phases     ] GC(83)   Evacuate Collection Set: 62.3ms
[283.347s][info][gc,phases     ] GC(83)   Post Evacuate Collection Set: 0.5ms
[283.347s][info][gc,phases     ] GC(83)   Other: 0.3ms
[283.347s][info][gc,heap       ] GC(83) Eden regions: 93->0(61)
[283.347s][info][gc,heap       ] GC(83) Survivor regions: 19->14(14)
[283.347s][info][gc,heap       ] GC(83) Old regions: 278->375
[283.347s][info][gc,heap       ] GC(83) Humongous regions: 0->0
[283.347s][info][gc,metaspace  ] GC(83) Metaspace: 10032K->10032K(1058816K)
[283.347s][info][gc            ] GC(83) Pause Young (G1 Evacuation Pause) 778M->777M(1286M) 63.288ms
[283.347s][info][gc,cpu        ] GC(83) User=0.39s Sys=0.00s Real=0.06s
[287.681s][info][gc,start      ] GC(84) Pause Young (G1 Evacuation Pause)
[287.681s][info][gc,task       ] GC(84) Using 8 workers of 8 for evacuation
[287.721s][info][gc,phases     ] GC(84)   Pre Evacuate Collection Set: 0.1ms
[287.721s][info][gc,phases     ] GC(84)   Evacuate Collection Set: 39.1ms
[287.721s][info][gc,phases     ] GC(84)   Post Evacuate Collection Set: 0.6ms
[287.721s][info][gc,phases     ] GC(84)   Other: 0.4ms
[287.721s][info][gc,heap       ] GC(84) Eden regions: 61->0(41)
[287.721s][info][gc,heap       ] GC(84) Survivor regions: 14->10(10)
[287.721s][info][gc,heap       ] GC(84) Old regions: 375->440
[287.721s][info][gc,heap       ] GC(84) Humongous regions: 0->0
[287.721s][info][gc,metaspace  ] GC(84) Metaspace: 10032K->10032K(1058816K)
[287.721s][info][gc            ] GC(84) Pause Young (G1 Evacuation Pause) 899M->899M(1286M) 40.383ms
[287.721s][info][gc,cpu        ] GC(84) User=0.27s Sys=0.00s Real=0.04s
[290.633s][info][gc,start      ] GC(85) Pause Young (G1 Evacuation Pause)
[290.633s][info][gc,task       ] GC(85) Using 8 workers of 8 for evacuation
[290.652s][info][gc,phases     ] GC(85)   Pre Evacuate Collection Set: 0.1ms
[290.652s][info][gc,phases     ] GC(85)   Evacuate Collection Set: 18.4ms
[290.652s][info][gc,phases     ] GC(85)   Post Evacuate Collection Set: 0.5ms
[290.652s][info][gc,phases     ] GC(85)   Other: 0.4ms
[290.652s][info][gc,heap       ] GC(85) Eden regions: 41->0(28)
[290.652s][info][gc,heap       ] GC(85) Survivor regions: 10->7(7)
[290.652s][info][gc,heap       ] GC(85) Old regions: 440->484
[290.652s][info][gc,heap       ] GC(85) Humongous regions: 0->0
[290.652s][info][gc,metaspace  ] GC(85) Metaspace: 10032K->10032K(1058816K)
[290.653s][info][gc            ] GC(85) Pause Young (G1 Evacuation Pause) 981M->981M(1286M) 19.509ms
[290.653s][info][gc,cpu        ] GC(85) User=0.12s Sys=0.00s Real=0.01s
[292.636s][info][gc,start      ] GC(86) Pause Young (G1 Evacuation Pause)
[292.636s][info][gc,task       ] GC(86) Using 8 workers of 8 for evacuation
[292.659s][info][gc,phases     ] GC(86)   Pre Evacuate Collection Set: 0.0ms
[292.659s][info][gc,phases     ] GC(86)   Evacuate Collection Set: 22.0ms
[292.659s][info][gc,phases     ] GC(86)   Post Evacuate Collection Set: 0.4ms
[292.659s][info][gc,phases     ] GC(86)   Other: 0.3ms
[292.659s][info][gc,heap       ] GC(86) Eden regions: 28->0(27)
[292.659s][info][gc,heap       ] GC(86) Survivor regions: 7->5(5)
[292.659s][info][gc,heap       ] GC(86) Old regions: 484->514
[292.659s][info][gc,heap       ] GC(86) Humongous regions: 0->0
[292.659s][info][gc,metaspace  ] GC(86) Metaspace: 10032K->10032K(1058816K)
[292.659s][info][gc            ] GC(86) Pause Young (G1 Evacuation Pause) 1037M->1037M(1286M) 22.801ms
[292.659s][info][gc,cpu        ] GC(86) User=0.15s Sys=0.01s Real=0.02s
[294.580s][info][gc,start      ] GC(87) Pause Young (G1 Evacuation Pause)
[294.580s][info][gc,task       ] GC(87) Using 8 workers of 8 for evacuation
[294.594s][info][gc,phases     ] GC(87)   Pre Evacuate Collection Set: 0.0ms
[294.594s][info][gc,phases     ] GC(87)   Evacuate Collection Set: 13.4ms
[294.594s][info][gc,phases     ] GC(87)   Post Evacuate Collection Set: 0.3ms
[294.594s][info][gc,phases     ] GC(87)   Other: 0.2ms
[294.594s][info][gc,heap       ] GC(87) Eden regions: 27->0(28)
[294.594s][info][gc,heap       ] GC(87) Survivor regions: 5->4(4)
[294.594s][info][gc,heap       ] GC(87) Old regions: 514->542
[294.594s][info][gc,heap       ] GC(87) Humongous regions: 0->0
[294.594s][info][gc,metaspace  ] GC(87) Metaspace: 10032K->10032K(1058816K)
[294.594s][info][gc            ] GC(87) Pause Young (G1 Evacuation Pause) 1091M->1091M(1286M) 14.096ms
[294.594s][info][gc,cpu        ] GC(87) User=0.08s Sys=0.00s Real=0.02s
[296.577s][info][gc,start      ] GC(88) Pause Young (G1 Evacuation Pause)
[296.577s][info][gc,task       ] GC(88) Using 8 workers of 8 for evacuation
[296.598s][info][gc,phases     ] GC(88)   Pre Evacuate Collection Set: 0.1ms
[296.598s][info][gc,phases     ] GC(88)   Evacuate Collection Set: 20.6ms
[296.598s][info][gc,phases     ] GC(88)   Post Evacuate Collection Set: 0.3ms
[296.598s][info][gc,phases     ] GC(88)   Other: 0.3ms
[296.598s][info][gc,heap       ] GC(88) Eden regions: 28->0(28)
[296.598s][info][gc,heap       ] GC(88) Survivor regions: 4->4(4)
[296.598s][info][gc,heap       ] GC(88) Old regions: 542->570
[296.598s][info][gc,heap       ] GC(88) Humongous regions: 0->0
[296.598s][info][gc,metaspace  ] GC(88) Metaspace: 10032K->10032K(1058816K)
[296.598s][info][gc            ] GC(88) Pause Young (G1 Evacuation Pause) 1147M->1147M(1286M) 21.417ms
[296.598s][info][gc,cpu        ] GC(88) User=0.12s Sys=0.00s Real=0.02s
[298.577s][info][gc,start      ] GC(89) Pause Young (G1 Evacuation Pause)
[298.577s][info][gc,task       ] GC(89) Using 8 workers of 8 for evacuation
[298.591s][info][gc,phases     ] GC(89)   Pre Evacuate Collection Set: 0.0ms
[298.591s][info][gc,phases     ] GC(89)   Evacuate Collection Set: 13.6ms
[298.591s][info][gc,phases     ] GC(89)   Post Evacuate Collection Set: 0.3ms
[298.591s][info][gc,phases     ] GC(89)   Other: 0.3ms
[298.591s][info][gc,heap       ] GC(89) Eden regions: 28->0(28)
[298.591s][info][gc,heap       ] GC(89) Survivor regions: 4->4(4)
[298.591s][info][gc,heap       ] GC(89) Old regions: 570->598
[298.591s][info][gc,heap       ] GC(89) Humongous regions: 0->0
[298.591s][info][gc,metaspace  ] GC(89) Metaspace: 10032K->10032K(1058816K)
[298.591s][info][gc            ] GC(89) Pause Young (G1 Evacuation Pause) 1203M->1203M(1286M) 14.381ms
[298.591s][info][gc,cpu        ] GC(89) User=0.09s Sys=0.01s Real=0.01s
[300.578s][info][gc,start      ] GC(90) Pause Initial Mark (G1 Evacuation Pause)
[300.578s][info][gc,task       ] GC(90) Using 8 workers of 8 for evacuation
[300.596s][info][gc,phases     ] GC(90)   Pre Evacuate Collection Set: 0.1ms
[300.596s][info][gc,phases     ] GC(90)   Evacuate Collection Set: 18.0ms
[300.596s][info][gc,phases     ] GC(90)   Post Evacuate Collection Set: 0.2ms
[300.596s][info][gc,phases     ] GC(90)   Other: 0.3ms
[300.596s][info][gc,heap       ] GC(90) Eden regions: 28->0(29)
[300.596s][info][gc,heap       ] GC(90) Survivor regions: 4->4(4)
[300.596s][info][gc,heap       ] GC(90) Old regions: 598->626
[300.596s][info][gc,heap       ] GC(90) Humongous regions: 0->0
[300.596s][info][gc,metaspace  ] GC(90) Metaspace: 10032K->10032K(1058816K)
[300.596s][info][gc            ] GC(90) Pause Initial Mark (G1 Evacuation Pause) 1259M->1259M(1324M) 18.653ms
[300.596s][info][gc,cpu        ] GC(90) User=0.06s Sys=0.05s Real=0.02s
[300.596s][info][gc            ] GC(91) Concurrent Cycle
[300.596s][info][gc,marking    ] GC(91) Concurrent Clear Claimed Marks
[300.596s][info][gc,marking    ] GC(91) Concurrent Clear Claimed Marks 0.014ms
[300.596s][info][gc,marking    ] GC(91) Concurrent Scan Root Regions
[300.597s][info][gc,marking    ] GC(91) Concurrent Scan Root Regions 0.418ms
[300.597s][info][gc,marking    ] GC(91) Concurrent Mark (300.597s)
[300.597s][info][gc,marking    ] GC(91) Concurrent Mark From Roots
[300.597s][info][gc,task       ] GC(91) Using 2 workers of 2 for marking
[300.615s][info][gc,marking    ] GC(91) Concurrent Mark From Roots 18.184ms
[300.615s][info][gc,marking    ] GC(91) Concurrent Mark (300.597s, 300.615s) 18.259ms
[300.615s][info][gc,start      ] GC(91) Pause Remark
[300.617s][info][gc,stringtable] GC(91) Cleaned string and symbol table, strings: 4478 processed, 0 removed, symbols: 35535 processed, 0 removed
[300.617s][info][gc            ] GC(91) Pause Remark 1260M->1260M(1324M) 2.343ms
[300.617s][info][gc,cpu        ] GC(91) User=0.01s Sys=0.00s Real=0.00s
[300.617s][info][gc,marking    ] GC(91) Concurrent Create Live Data
[300.623s][info][gc,marking    ] GC(91) Concurrent Create Live Data 5.242ms
[300.623s][info][gc,start      ] GC(91) Pause Cleanup
[300.624s][info][gc            ] GC(91) Pause Cleanup 1260M->1260M(1324M) 1.361ms
[300.624s][info][gc,cpu        ] GC(91) User=0.01s Sys=0.00s Real=0.00s
[300.625s][info][gc,marking    ] GC(91) Concurrent Cleanup for Next Mark
[300.628s][info][gc,marking    ] GC(91) Concurrent Cleanup for Next Mark 3.040ms
[300.628s][info][gc            ] GC(91) Concurrent Cycle 31.412ms
[302.645s][info][gc,start      ] GC(92) Pause Young (G1 Evacuation Pause)
[302.645s][info][gc,task       ] GC(92) Using 8 workers of 8 for evacuation
[302.667s][info][gc,phases     ] GC(92)   Pre Evacuate Collection Set: 0.0ms
[302.667s][info][gc,phases     ] GC(92)   Evacuate Collection Set: 21.5ms
[302.667s][info][gc,phases     ] GC(92)   Post Evacuate Collection Set: 0.2ms
[302.667s][info][gc,phases     ] GC(92)   Other: 0.3ms
[302.667s][info][gc,heap       ] GC(92) Eden regions: 29->0(29)
[302.667s][info][gc,heap       ] GC(92) Survivor regions: 4->5(5)
[302.667s][info][gc,heap       ] GC(92) Old regions: 626->655
[302.667s][info][gc,heap       ] GC(92) Humongous regions: 0->0
[302.667s][info][gc,metaspace  ] GC(92) Metaspace: 10032K->10032K(1058816K)
[302.667s][info][gc            ] GC(92) Pause Young (G1 Evacuation Pause) 1317M->1318M(1386M) 22.137ms
[302.667s][info][gc,cpu        ] GC(92) User=0.05s Sys=0.06s Real=0.02s
[304.716s][info][gc,start      ] GC(93) Pause Mixed (G1 Evacuation Pause)
[304.717s][info][gc,task       ] GC(93) Using 8 workers of 8 for evacuation
[304.739s][info][gc,phases     ] GC(93)   Pre Evacuate Collection Set: 0.0ms
[304.739s][info][gc,phases     ] GC(93)   Evacuate Collection Set: 21.8ms
[304.739s][info][gc,phases     ] GC(93)   Post Evacuate Collection Set: 0.2ms
[304.739s][info][gc,phases     ] GC(93)   Other: 0.1ms
[304.739s][info][gc,heap       ] GC(93) Eden regions: 29->0(31)
[304.739s][info][gc,heap       ] GC(93) Survivor regions: 5->5(5)
[304.739s][info][gc,heap       ] GC(93) Old regions: 655->684
[304.739s][info][gc,heap       ] GC(93) Humongous regions: 0->0
[304.739s][info][gc,metaspace  ] GC(93) Metaspace: 10032K->10032K(1058816K)
[304.739s][info][gc            ] GC(93) Pause Mixed (G1 Evacuation Pause) 1376M->1377M(1450M) 22.274ms
[304.739s][info][gc,cpu        ] GC(93) User=0.03s Sys=0.02s Real=0.02s
[306.931s][info][gc,start      ] GC(94) Pause Young (G1 Evacuation Pause)
[306.931s][info][gc,task       ] GC(94) Using 8 workers of 8 for evacuation
[306.952s][info][gc,phases     ] GC(94)   Pre Evacuate Collection Set: 0.0ms
[306.952s][info][gc,phases     ] GC(94)   Evacuate Collection Set: 20.3ms
[306.952s][info][gc,phases     ] GC(94)   Post Evacuate Collection Set: 0.2ms
[306.952s][info][gc,phases     ] GC(94)   Other: 0.2ms
[306.952s][info][gc,heap       ] GC(94) Eden regions: 31->0(32)
[306.952s][info][gc,heap       ] GC(94) Survivor regions: 5->5(5)
[306.952s][info][gc,heap       ] GC(94) Old regions: 684->715
[306.952s][info][gc,heap       ] GC(94) Humongous regions: 0->0
[306.952s][info][gc,metaspace  ] GC(94) Metaspace: 10032K->10032K(1058816K)
[306.952s][info][gc            ] GC(94) Pause Young (G1 Evacuation Pause) 1439M->1439M(1512M) 20.792ms
[306.952s][info][gc,cpu        ] GC(94) User=0.05s Sys=0.07s Real=0.02s
[309.115s][info][gc,start      ] GC(95) Pause Young (G1 Evacuation Pause)
[309.115s][info][gc,task       ] GC(95) Using 8 workers of 8 for evacuation
[309.116s][info][gc,phases     ] GC(95)   Pre Evacuate Collection Set: 0.0ms
[309.117s][info][gc,phases     ] GC(95)   Evacuate Collection Set: 1.3ms
[309.117s][info][gc,phases     ] GC(95)   Post Evacuate Collection Set: 0.2ms
[309.117s][info][gc,phases     ] GC(95)   Other: 0.2ms
[309.117s][info][gc,heap       ] GC(95) Eden regions: 32->0(34)
[309.117s][info][gc,heap       ] GC(95) Survivor regions: 5->3(5)
[309.117s][info][gc,heap       ] GC(95) Old regions: 715->715
[309.117s][info][gc,heap       ] GC(95) Humongous regions: 0->0
[309.117s][info][gc,metaspace  ] GC(95) Metaspace: 10032K->10032K(1058816K)
[309.117s][info][gc            ] GC(95) Pause Young (G1 Evacuation Pause) 1503M->1434M(1512M) 1.845ms
[309.117s][info][gc,cpu        ] GC(95) User=0.01s Sys=0.00s Real=0.00s
[311.202s][info][gc,start      ] GC(96) Pause Initial Mark (G1 Evacuation Pause)
[311.202s][info][gc,task       ] GC(96) Using 8 workers of 8 for evacuation
[311.224s][info][gc,phases     ] GC(96)   Pre Evacuate Collection Set: 0.0ms
[311.224s][info][gc,phases     ] GC(96)   Evacuate Collection Set: 22.3ms
[311.224s][info][gc,phases     ] GC(96)   Post Evacuate Collection Set: 0.2ms
[311.224s][info][gc,phases     ] GC(96)   Other: 0.3ms
[311.224s][info][gc,heap       ] GC(96) Eden regions: 34->0(34)
[311.224s][info][gc,heap       ] GC(96) Survivor regions: 3->5(5)
[311.224s][info][gc,heap       ] GC(96) Old regions: 715->747
[311.224s][info][gc,heap       ] GC(96) Humongous regions: 0->0
[311.224s][info][gc,metaspace  ] GC(96) Metaspace: 10032K->10032K(1058816K)
[311.224s][info][gc            ] GC(96) Pause Initial Mark (G1 Evacuation Pause) 1502M->1502M(1578M) 22.947ms
[311.225s][info][gc,cpu        ] GC(96) User=0.05s Sys=0.07s Real=0.03s
[311.225s][info][gc            ] GC(97) Concurrent Cycle
[311.225s][info][gc,marking    ] GC(97) Concurrent Clear Claimed Marks
[311.225s][info][gc,marking    ] GC(97) Concurrent Clear Claimed Marks 0.018ms
[311.225s][info][gc,marking    ] GC(97) Concurrent Scan Root Regions
[311.225s][info][gc,marking    ] GC(97) Concurrent Scan Root Regions 0.519ms
[311.225s][info][gc,marking    ] GC(97) Concurrent Mark (311.225s)
[311.225s][info][gc,marking    ] GC(97) Concurrent Mark From Roots
[311.225s][info][gc,task       ] GC(97) Using 2 workers of 2 for marking
[311.242s][info][gc,marking    ] GC(97) Concurrent Mark From Roots 16.562ms
[311.242s][info][gc,marking    ] GC(97) Concurrent Mark (311.225s, 311.242s) 16.654ms
[311.242s][info][gc,start      ] GC(97) Pause Remark
[311.244s][info][gc,stringtable] GC(97) Cleaned string and symbol table, strings: 4478 processed, 0 removed, symbols: 35535 processed, 0 removed
[311.244s][info][gc            ] GC(97) Pause Remark 1504M->1504M(1578M) 1.899ms
[311.244s][info][gc,cpu        ] GC(97) User=0.01s Sys=0.00s Real=0.01s
[311.244s][info][gc,marking    ] GC(97) Concurrent Create Live Data
[311.249s][info][gc,marking    ] GC(97) Concurrent Create Live Data 5.324ms
[311.249s][info][gc,start      ] GC(97) Pause Cleanup
[311.251s][info][gc            ] GC(97) Pause Cleanup 1504M->288M(1578M) 1.602ms
[311.251s][info][gc,cpu        ] GC(97) User=0.00s Sys=0.00s Real=0.00s
[311.251s][info][gc,marking    ] GC(97) Concurrent Complete Cleanup
[311.253s][info][gc,marking    ] GC(97) Concurrent Complete Cleanup 1.487ms
[311.253s][info][gc,marking    ] GC(97) Concurrent Cleanup for Next Mark
[311.256s][info][gc,marking    ] GC(97) Concurrent Cleanup for Next Mark 3.285ms
[311.256s][info][gc            ] GC(97) Concurrent Cycle 31.403ms
[313.306s][info][gc,start      ] GC(98) Pause Young (G1 Evacuation Pause)
[313.306s][info][gc,task       ] GC(98) Using 8 workers of 8 for evacuation
[313.323s][info][gc,phases     ] GC(98)   Pre Evacuate Collection Set: 0.0ms
[313.323s][info][gc,phases     ] GC(98)   Evacuate Collection Set: 15.9ms
[313.323s][info][gc,phases     ] GC(98)   Post Evacuate Collection Set: 0.6ms
[313.323s][info][gc,phases     ] GC(98)   Other: 0.3ms
[313.323s][info][gc,heap       ] GC(98) Eden regions: 34->0(34)
[313.323s][info][gc,heap       ] GC(98) Survivor regions: 5->5(5)
[313.323s][info][gc,heap       ] GC(98) Old regions: 139->173
[313.323s][info][gc,heap       ] GC(98) Humongous regions: 0->0
[313.323s][info][gc,metaspace  ] GC(98) Metaspace: 10032K->10032K(1058816K)
[313.323s][info][gc            ] GC(98) Pause Young (G1 Evacuation Pause) 354M->354M(1578M) 17.013ms
[313.323s][info][gc,cpu        ] GC(98) User=0.11s Sys=0.00s Real=0.02s
[315.408s][info][gc,start      ] GC(99) Pause Mixed (G1 Evacuation Pause)
[315.408s][info][gc,task       ] GC(99) Using 8 workers of 8 for evacuation
[315.423s][info][gc,phases     ] GC(99)   Pre Evacuate Collection Set: 0.2ms
[315.423s][info][gc,phases     ] GC(99)   Evacuate Collection Set: 14.5ms
[315.423s][info][gc,phases     ] GC(99)   Post Evacuate Collection Set: 0.8ms
[315.423s][info][gc,phases     ] GC(99)   Other: 0.3ms
[315.423s][info][gc,heap       ] GC(99) Eden regions: 34->0(193)
[315.423s][info][gc,heap       ] GC(99) Survivor regions: 5->5(5)
[315.423s][info][gc,heap       ] GC(99) Old regions: 173->152
[315.423s][info][gc,heap       ] GC(99) Humongous regions: 0->0
[315.423s][info][gc,metaspace  ] GC(99) Metaspace: 10032K->10032K(1058816K)
[315.424s][info][gc            ] GC(99) Pause Mixed (G1 Evacuation Pause) 422M->313M(1578M) 15.848ms
[315.424s][info][gc,cpu        ] GC(99) User=0.11s Sys=0.00s Real=0.02s
[317.360s][info][gc,heap,exit  ] Heap
[317.360s][info][gc,heap,exit  ]  garbage-first heap   total 1615872K, used 386219K [0x00000005cba00000, 0x00000005cbc018a8, 0x00000007c0000000)
[317.360s][info][gc,heap,exit  ]   region size 2048K, 38 young (77824K), 5 survivors (10240K)
[317.360s][info][gc,heap,exit  ]  Metaspace       used 10042K, capacity 10226K, committed 10496K, reserved 1058816K
[317.360s][info][gc,heap,exit  ]   class space    used 1199K, capacity 1253K, committed 1280K, reserved 1048576K
